
Octeon soda# 
Octeon soda# 
Octeon soda# 
Octeon soda# 
Octeon soda# 
Octeon soda# 
Octeon soda# 
Octeon soda# 
Octeon soda# 
Octeon soda# 
Octeon soda# run go_net_open 
Interface 0 has 1 ports (SGMII)
Interface 2 has 4 ports (NPI)
Interface 3 has 4 ports (LOOP)
Interface 4 has 1 ports (AGL)
Using octeth0 device
TFTP from server 192.168.1.250; our IP address is 192.168.1.20
Filename 'w2.bin'.
Load address: 0x20000000
Loading: octeth0: Up 100 Mbps Full duplex (port  0) (SGMII)
##################################################
	 14 MiB/s
done
Bytes transferred = 13113952 (c81a60 hex)
argv[2]: numcores=4
Allocating memory for ELF segment: addr: 0xffffffff80100000 (adjusted to: 0x100000), size 0x390b760
## Loading big-endian Linux kernel with entry point: 0xffffffff80107380 ...
Bootloader: Done loading app on coremask: 0xf
Starting cores:
 0xf
[    0.000000] Linux version 4.4.14 (alan@localhost.localdomain) (gcc version 5.3.0 (OpenWrt GCC 5.3.0 50108) ) #274 SMP Thu Sep 21 09:31:59 UTC 2017
[    0.000000] CVMSEG size: 2 cache lines (256 bytes)
[    0.000000] Cavium Inc. SDK-3.1
[    0.000000] bootconsole [early0] enabled
[    0.000000] CPU0 revision is: 000d9602 (Cavium Octeon III)
[    0.000000] FPU revision is: 00739600
[    0.000000] Checking for the multiply/shift bug... no.
[    0.000000] Checking for the daddiu bug... no.
[    0.000000] Determined physical RAM map:
[    0.000000]  memory: 000000000b400000 @ 0000000003b00000 (usable)
[    0.000000]  memory: 0000000000c00000 @ 000000000f200000 (usable)
[    0.000000]  memory: 000000002f000000 @ 0000000020000000 (usable)
[    0.000000]  memory: 0000000000790000 @ 0000000000100000 (usable)
[    0.000000]  memory: 0000000000600000 @ 0000000000890000 (usable after init)
[    0.000000] Wasting 14336 bytes for tracking 256 unused pages
[    0.000000] Initrd not found or empty - disabling initrd
[    0.000000] Using passed Device Tree <8000000000080000>.
[    0.000000] software IO TLB [mem 0x03b19000-0x03b59000] (0MB) mapped at [8000000003b19000-8000000003b58fff]
[    0.000000] Zone ranges:
[    0.000000]   DMA32    [mem 0x0000000000100000-0x00000000efffffff]
[    0.000000]   Normal   empty
[    0.000000] Movable zone start for each node
[    0.000000] Early memory node ranges
[    0.000000]   node   0: [mem 0x0000000000100000-0x0000000000e8ffff]
[    0.000000]   node   0: [mem 0x0000000003b00000-0x000000000eefffff]
[    0.000000]   node   0: [mem 0x000000000f200000-0x000000000fdfffff]
[    0.000000]   node   0: [mem 0x0000000020000000-0x000000004effffff]
[    0.000000] Initmem setup node 0 [mem 0x0000000000100000-0x000000004effffff]
[    0.000000] Primary instruction cache 78kB, virtually tagged, 39 way, 16 sets, linesize 128 bytes.
[    0.000000] Primary data cache 32kB, 32-way, 8 sets, linesize 128 bytes.
[    0.000000] Secondary unified cache 512kB, 4-way, 1024 sets, linesize 128 bytes.
[    0.000000] PERCPU: Embedded 16 pages/cpu @8000000003b8a000 s25728 r8192 d31616 u65536
[    0.000000] Built 1 zonelists in Zone order, mobility grouping on.  Total pages: 241784
[    0.000000] Kernel command line:  bootoctlinux 0x20000000 snwl_irv=0x560004 prodcode=0x5430 uboot_version=8.2.0.0-7o numcores=4 console=ttyS0,115200 mtdparts=phys_mapped_flash:2048K(u-boot),256k(bootenv),256k(sysinfo)ro,128k(ART)ro,1024k(log),10240k(safemode),24576k(firmware),27008k(config);octeon_nand0:512M(data)
[    0.000000] PID hash table entries: 4096 (order: 3, 32768 bytes)
[    0.000000] Dentry cache hash table entries: 131072 (order: 8, 1048576 bytes)
[    0.000000] Inode-cache hash table entries: 65536 (order: 7, 524288 bytes)
[    0.000000] Memory: 949972K/980544K available (4549K kernel code, 1018K rwdata, 2152K rodata, 6144K init, 44525K bss, 30572K reserved, 0K cma-reserved)
[    0.000000] SLUB: HWalign=128, Order=0-3, MinObjects=0, CPUs=4, Nodes=1
[    0.000000] Hierarchical RCU implementation.
[    0.000000] 	CONFIG_RCU_FANOUT set to non-default value of 32
[    0.000000] 	RCU restricting CPUs from NR_CPUS=16 to nr_cpu_ids=4.
[    0.000000] RCU: Adjusting geometry for rcu_fanout_leaf=16, nr_cpu_ids=4
[    0.000000] kmemleak: Kernel memory leak detector disabled
[    0.000000] NR_IRQS:511
[    0.000000] CIB interrupt controller probed: 800107000000e800 11 bits
[    0.000000] CIB interrupt controller probed: 800107000000e900 11 bits
[    0.575476] clocksource: OCTEON_CVMCOUNT: mask: 0xffffffffffffffff max_cycles: 0xb881274fa3, max_idle_ns: 440795210636 ns
[    0.586444] Lock dependency validator: Copyright (c) 2006 Red Hat, Inc., Ingo Molnar
[    0.594134] ... MAX_LOCKDEP_SUBCLASSES:  8
[    0.598184] ... MAX_LOCK_DEPTH:          48
[    0.602350] ... MAX_LOCKDEP_KEYS:        8191
[    0.606690] ... CLASSHASH_SIZE:          4096
[    0.611030] ... MAX_LOCKDEP_ENTRIES:     32768
[    0.615457] ... MAX_LOCKDEP_CHAINS:      65536
[    0.619883] ... CHAINHASH_SIZE:          32768
[    0.624310]  memory used by lock dependency info: 8127 kB
[    0.629692]  per task-struct memory footprint: 1920 bytes
[    0.635096] kmemleak: Early log buffer exceeded (1097), please increase DEBUG_KMEMLEAK_EARLY_LOG_SIZE
[    0.644282] Calibrating delay loop (skipped) preset value.. 1600.00 BogoMIPS (lpj=3200000)
[    0.652517] pid_max: default: 32768 minimum: 301
[    0.657237] Mount-cache hash table entries: 2048 (order: 2, 16384 bytes)
[    0.663811] Mountpoint-cache hash table entries: 2048 (order: 2, 16384 bytes)
[    0.672136] Checking for the daddi bug... no.
[    0.679159] SMP: Booting CPU01 (CoreId  1)...
[    0.683529] CPU1 revision is: 000d9602 (Cavium Octeon III)
[    0.683534] FPU revision is: 00739600
[    0.684243] SMP: Booting CPU02 (CoreId  2)...
[    0.697681] CPU2 revision is: 000d9602 (Cavium Octeon III)
[    0.697685] FPU revision is: 00739600
[    0.698341] SMP: Booting CPU03 (CoreId  3)...
[    0.711775] CPU3 revision is: 000d9602 (Cavium Octeon III)
[    0.711780] FPU revision is: 00739600
[    0.711959] Brought up 4 CPUs
[    0.731552] do_initcalls 893: level = 0
[    0.735361] do_initcall_level 883: level = 0, fn = ffffffff808ecc20
[    0.741488] do_initcall_level 883: level = 0, fn = ffffffff808ecc28
[    0.747731] do_initcall_level 883: level = 0, fn = ffffffff808ecc30
[    0.754023] do_initcalls 893: level = 1
[    0.757899] do_initcall_level 883: level = 1, fn = ffffffff808ecc38
[    0.764086] do_initcall_level 883: level = 1, fn = ffffffff808ecc40
[    0.770307] do_initcall_level 883: level = 1, fn = ffffffff808ecc48
[    0.776701] do_initcall_level 883: level = 1, fn = ffffffff808ecc50
[    0.782877] do_initcall_level 883: level = 1, fn = ffffffff808ecc58
[    0.789077] clocksource: jiffies: mask: 0xffffffff max_cycles: 0xffffffff, max_idle_ns: 7645041785100000 ns
[    0.798780] do_initcall_level 883: level = 1, fn = ffffffff808ecc60
[    0.805078] do_initcall_level 883: level = 1, fn = ffffffff808ecc68
[    0.811282] do_initcall_level 883: level = 1, fn = ffffffff808ecc70
[    0.817542] do_initcall_level 883: level = 1, fn = ffffffff808ecc78
[    0.823799] do_initcall_level 883: level = 1, fn = ffffffff808ecc80
[    0.830032] do_initcall_level 883: level = 1, fn = ffffffff808ecc88
[    0.836278] do_initcall_level 883: level = 1, fn = ffffffff808ecc90
[    0.842542] do_initcall_level 883: level = 1, fn = ffffffff808ecc98
[    0.848786] do_initcall_level 883: level = 1, fn = ffffffff808ecca0
[    0.855030] do_initcall_level 883: level = 1, fn = ffffffff808ecca8
[    0.861665] do_initcall_level 883: level = 1, fn = ffffffff808eccb0
[    0.868361] NET: Registered protocol family 16
[    0.872806] do_initcalls 893: level = 2
[    0.876590] do_initcall_level 883: level = 2, fn = ffffffff808eccb8
[    0.882983] do_initcall_level 883: level = 2, fn = ffffffff808eccc0
[    0.889177] do_initcall_level 883: level = 2, fn = ffffffff808eccc8
[    0.895369] do_initcall_level 883: level = 2, fn = ffffffff808eccd0
[    0.901616] do_initcall_level 883: level = 2, fn = ffffffff808eccd8
[    0.907947] do_initcall_level 883: level = 2, fn = ffffffff808ecce0
[    0.914136] do_initcall_level 883: level = 2, fn = ffffffff808ecce8
[    0.920432] do_initcall_level 883: level = 2, fn = ffffffff808eccf0
[    0.926626] do_initcall_level 883: level = 2, fn = ffffffff808eccf8
[    0.932966] do_initcall_level 883: level = 2, fn = ffffffff808ecd00
[    0.939416] do_initcalls 893: level = 3
[    0.943222] do_initcall_level 883: level = 3, fn = ffffffff808ecd08
[    0.949350] do_initcall_level 883: level = 3, fn = ffffffff808ecd10
[    0.955593] Installing handlers for error tree at: ffffffff80825488
[    0.965496] do_initcall_level 883: level = 3, fn = ffffffff808ecd18
[    0.971683] do_initcall_level 883: level = 3, fn = ffffffff808ecd20
[    0.977889] do_initcall_level 883: level = 3, fn = ffffffff808ecd28
[    0.984110] do_initcall_level 883: level = 3, fn = ffffffff808ecd30
[    0.990357] do_initcall_level 883: level = 3, fn = ffffffff808ecd38
[    0.996638] do_initcall_level 883: level = 3, fn = ffffffff808ecd40
[    1.014913] do_initcall_level 883: level = 3, fn = ffffffff808ecd48
[    1.021036] do_initcall_level 883: level = 3, fn = ffffffff808ecd50
[    1.027283] do_initcall_level 883: level = 3, fn = ffffffff808ecd58
[    1.033686] PCIe: Initializing port 0
[    1.040548] PCIe: Port 0 link active, 1 lanes, speed gen1
[    1.150198] PCIe: Initializing port 1
[    1.157056] PCIe: Port 1 link active, 1 lanes, speed gen2
[    1.266541] do_initcalls 893: level = 4
[    1.270324] do_initcall_level 883: level = 4, fn = ffffffff808ecd60
[    1.276930] do_initcall_level 883: level = 4, fn = ffffffff808ecd68
[    1.283061] do_initcall_level 883: level = 4, fn = ffffffff808ecd70
[    1.289335] do_initcall_level 883: level = 4, fn = ffffffff808ecd78
[    1.303770] do_initcall_level 883: level = 4, fn = ffffffff808ecd80
[    1.321943] do_initcall_level 883: level = 4, fn = ffffffff808ecd88
[    1.328179] do_initcall_level 883: level = 4, fn = ffffffff808ecd90
[    1.334678] do_initcall_level 883: level = 4, fn = ffffffff808ecd98
[    1.340818] do_initcall_level 883: level = 4, fn = ffffffff808ecda0
[    1.347045] do_initcall_level 883: level = 4, fn = ffffffff808ecda8
[    1.353287] do_initcall_level 883: level = 4, fn = ffffffff808ecdb0
[    1.359535] do_initcall_level 883: level = 4, fn = ffffffff808ecdb8
[    1.365960] do_initcall_level 883: level = 4, fn = ffffffff808ecdc0
[    1.372292] do_initcall_level 883: level = 4, fn = ffffffff808ecdc8
[    1.378419] do_initcall_level 883: level = 4, fn = ffffffff808ecdd0
[    1.384669] do_initcall_level 883: level = 4, fn = ffffffff808ecdd8
[    1.390901] do_initcall_level 883: level = 4, fn = ffffffff808ecde0
[    1.397147] do_initcall_level 883: level = 4, fn = ffffffff808ecde8
[    1.403396] do_initcall_level 883: level = 4, fn = ffffffff808ecdf0
[    1.409883] do_initcall_level 883: level = 4, fn = ffffffff808ecdf8
[    1.416037] do_initcall_level 883: level = 4, fn = ffffffff808ece00
[    1.422264] do_initcall_level 883: level = 4, fn = ffffffff808ece08
[    1.428603] do_initcall_level 883: level = 4, fn = ffffffff808ece10
[    1.435127] SCSI subsystem initialized
[    1.438708] do_initcall_level 883: level = 4, fn = ffffffff808ece18
[    1.445213] do_initcall_level 883: level = 4, fn = ffffffff808ece20
[    1.451581] usbcore: registered new interface driver usbfs
[    1.457027] usbcore: registered new interface driver hub
[    1.462332] usbcore: registered new device driver usb
[    1.467243] do_initcall_level 883: level = 4, fn = ffffffff808ece28
[    1.473539] pps_core: LinuxPPS API ver. 1 registered
[    1.478434] pps_core: Software ver. 5.3.6 - Copyright 2005-2007 Rodolfo Giometti <giometti@linux.it>
[    1.487545] do_initcall_level 883: level = 4, fn = ffffffff808ece30
[    1.493843] PTP clock support registered
[    1.497693] do_initcall_level 883: level = 4, fn = ffffffff808ece38
[    1.503960] EDAC MC: Ver: 3.0.0
[    1.507523] do_initcall_level 883: level = 4, fn = ffffffff808ece40
[    1.513712] do_initcall_level 883: level = 4, fn = ffffffff808ece48
[    1.519934] do_initcall_level 883: level = 4, fn = ffffffff808ece50
[    1.526477] PCI host bridge to bus 0000:00
[    1.530434] pci_bus 0000:00: root bus resource [mem 0x1000000000000]
[    1.536750] pci_bus 0000:00: root bus resource [io  0x0000]
[    1.542305] pci_bus 0000:00: root bus resource [??? 0x00000000 flags 0x0]
[    1.549078] pci_bus 0000:00: No busn resource found for root bus, will use [bus 00-ff]
[    1.557332] PCI host bridge to bus 0000:01
[    1.561283] pci_bus 0000:01: root bus resource [mem 0x11b00f0000000-0x11b0fffffffff] (bus address [0xf0000000-0xfffffffff])
[    1.572378] pci_bus 0000:01: root bus resource [io  0x1000-0xffffffff]
[    1.578888] pci_bus 0000:01: root bus resource [??? 0x00000000 flags 0x0]
[    1.585660] pci_bus 0000:01: No busn resource found for root bus, will use [bus 01-ff]
[    1.594604] pci 0000:01:00.0: BAR 0: assigned [mem 0x11b0100000000-0x11b01001fffff 64bit]
[    1.602828] PCI host bridge to bus 0000:02
[    1.606780] pci_bus 0000:02: root bus resource [mem 0x11c00f0000000-0x11c0fffffffff] (bus address [0xf0000000-0xfffffffff])
[    1.617876] pci_bus 0000:02: root bus resource [io  0x100000000-0x1ffffffff] (bus address [0x0000-0xffffffff])
[    1.627855] pci_bus 0000:02: root bus resource [??? 0x00000000 flags 0x0]
[    1.634628] pci_bus 0000:02: No busn resource found for root bus, will use [bus 02-ff]
[    1.643311] pci 0000:02:00.0: BAR 0: assigned [mem 0x11c0100000000-0x11c01001fffff 64bit]
[    1.651435] do_initcall_level 883: level = 4, fn = ffffffff808ece58
[    1.657580] do_initcall_level 883: level = 4, fn = ffffffff808ece60
[    1.664815] do_initcall_level 883: level = 4, fn = ffffffff808ece68
[    1.670943] do_initcall_level 883: level = 4, fn = ffffffff808ece70
[    1.677177] do_initcall_level 883: level = 4, fn = ffffffff808ece78
[    1.683485] do_initcall_level 883: level = 4, fn = ffffffff808ece80
[    1.689816] do_initcall_level 883: level = 4, fn = ffffffff808ece88
[    1.695966] do_initcall_level 883: level = 4, fn = ffffffff808ece90
[    1.702225] do_initcall_level 883: level = 4, fn = ffffffff808ece98
[    1.708514] do_initcalls 893: level = 5
[    1.712351] do_initcall_level 883: level = 5, fn = ffffffff808ecea0
[    1.718510] do_initcall_level 883: level = 5, fn = ffffffff808ecea8
[    1.724874] clocksource: Switched to clocksource OCTEON_CVMCOUNT
[    1.730739] do_initcall_level 883: level = 5, fn = ffffffff808eceb0
[    1.740373] do_initcall_level 883: level = 5, fn = ffffffff808eceb8
[    1.746544] do_initcall_level 883: level = 5, fn = ffffffff808ecec0
[    1.781741] do_initcall_level 883: level = 5, fn = ffffffff808ecec8
[    1.787905] do_initcall_level 883: level = 5, fn = ffffffff808eced0
[    1.794322] do_initcall_level 883: level = 5, fn = ffffffff808eced8
[    1.800463] do_initcall_level 883: level = 5, fn = ffffffff808ecee0
[    1.806741] do_initcall_level 883: level = 5, fn = ffffffff808ecee8
[    1.813081] do_initcall_level 883: level = 5, fn = ffffffff808ecef0
[    1.819209] do_initcall_level 883: level = 5, fn = ffffffff808ecef8
[    1.825441] do_initcall_level 883: level = 5, fn = ffffffff808ecf00
[    1.831694] do_initcall_level 883: level = 5, fn = ffffffff808ecf08
[    1.837947] do_initcall_level 883: level = 5, fn = ffffffff808ecf10
[    1.844193] do_initcall_level 883: level = 5, fn = ffffffff808ecf18
[    1.850453] do_initcall_level 883: level = 5, fn = ffffffff808ecf20
[    1.856699] do_initcall_level 883: level = 5, fn = ffffffff808ecf28
[    1.862946] do_initcall_level 883: level = 5, fn = ffffffff808ecf30
[    1.869195] do_initcall_level 883: level = 5, fn = ffffffff808ecf38
[    1.875441] do_initcall_level 883: level = 5, fn = ffffffff808ecf40
[    1.881694] do_initcall_level 883: level = 5, fn = ffffffff808ecf48
[    1.887941] do_initcall_level 883: level = 5, fn = ffffffff808ecf50
[    1.894193] do_initcall_level 883: level = 5, fn = ffffffff808ecf58
[    1.900433] do_initcall_level 883: level = 5, fn = ffffffff808ecf60
[    1.907747] do_initcall_level 883: level = 5, fn = ffffffff808ecf68
[    1.913936] do_initcall_level 883: level = 5, fn = ffffffff808ecf70
[    1.920165] do_initcall_level 883: level = 5, fn = ffffffff808ecf78
[    1.926416] do_initcall_level 883: level = 5, fn = ffffffff808ecf80
[    1.932680] NET: Registered protocol family 2
[    1.937815] TCP established hash table entries: 8192 (order: 4, 65536 bytes)
[    1.944835] TCP bind hash table entries: 8192 (order: 7, 524288 bytes)
[    1.952364] TCP: Hash tables configured (established 8192 bind 8192)
[    1.958735] UDP hash table entries: 512 (order: 4, 81920 bytes)
[    1.964690] UDP-Lite hash table entries: 512 (order: 4, 81920 bytes)
[    1.971422] do_initcall_level 883: level = 5, fn = ffffffff808ecf88
[    1.977568] do_initcall_level 883: level = 5, fn = ffffffff808ecf90
[    1.983799] NET: Registered protocol family 1
[    1.988146] do_initcall_level 883: level = 5, fn = ffffffff808ecf98
[    1.994383] do_initcall_level 883: level = 5, fn = ffffffff808ecfa0
[    2.000661] do_initcall_level 883: level = 5, fn = ffffffff808ecfa8
[    2.452251] do_initcalls 893: level = 6
[    2.456104] do_initcall_level 883: level = 6, fn = ffffffff808ecfb0
[    2.462654] do_initcall_level 883: level = 6, fn = ffffffff808ecfb8
[    2.475523] do_initcall_level 883: level = 6, fn = ffffffff808ecfc0
[    2.481780] do_initcall_level 883: level = 6, fn = ffffffff808ecfc8
[    2.487919] do_initcall_level 883: level = 6, fn = ffffffff808ecfd0
[    2.494164] octeon_pci_console: Initialized.
[    2.498596] do_initcall_level 883: level = 6, fn = ffffffff808ecfd8
[    2.504727] /proc/octeon_perf: Octeon performance counter interface loaded
[    2.511618] do_initcall_level 883: level = 6, fn = ffffffff808ecfe0
[    2.517925] do_initcall_level 883: level = 6, fn = ffffffff808ecfe8
[    2.525011] do_initcall_level 883: level = 6, fn = ffffffff808ecff0
[    2.531202] do_initcall_level 883: level = 6, fn = ffffffff808ecff8
[    2.537380] do_initcall_level 883: level = 6, fn = ffffffff808ed000
[    2.543618] do_initcall_level 883: level = 6, fn = ffffffff808ed008
[    2.549887] do_initcall_level 883: level = 6, fn = ffffffff808ed010
[    2.556142] do_initcall_level 883: level = 6, fn = ffffffff808ed018
[    2.562383] do_initcall_level 883: level = 6, fn = ffffffff808ed020
[    2.568616] do_initcall_level 883: level = 6, fn = ffffffff808ed028
[    2.574924] do_initcall_level 883: level = 6, fn = ffffffff808ed030
[    2.581384] do_initcall_level 883: level = 6, fn = ffffffff808ed038
[    2.587501] do_initcall_level 883: level = 6, fn = ffffffff808ed040
[    2.594116] do_initcall_level 883: level = 6, fn = ffffffff808ed048
[    2.600746] do_initcall_level 883: level = 6, fn = ffffffff808ed050
[    2.606882] futex hash table entries: 1024 (order: 5, 131072 bytes)
[    2.613249] do_initcall_level 883: level = 6, fn = ffffffff808ed058
[    2.619368] do_initcall_level 883: level = 6, fn = ffffffff808ed060
[    2.625615] do_initcall_level 883: level = 6, fn = ffffffff808ed068
[    2.631874] do_initcall_level 883: level = 6, fn = ffffffff808ed070
[    2.638107] do_initcall_level 883: level = 6, fn = ffffffff808ed078
[    2.644418] do_initcall_level 883: level = 6, fn = ffffffff808ed080
[    2.650788] do_initcall_level 883: level = 6, fn = ffffffff808ed088
[    2.657137] do_initcall_level 883: level = 6, fn = ffffffff808ed090
[    2.663262] do_initcall_level 883: level = 6, fn = ffffffff808ed098
[    2.669508] do_initcall_level 883: level = 6, fn = ffffffff808ed0a0
[    2.675746] do_initcall_level 883: level = 6, fn = ffffffff808ed0a8
[    2.682007] do_initcall_level 883: level = 6, fn = ffffffff808ed0b0
[    2.698872] do_initcall_level 883: level = 6, fn = ffffffff808ed0b8
[    2.705013] do_initcall_level 883: level = 6, fn = ffffffff808ed0c0
[    2.711244] do_initcall_level 883: level = 6, fn = ffffffff808ed0c8
[    2.717489] do_initcall_level 883: level = 6, fn = ffffffff808ed0d0
[    2.723856] do_initcall_level 883: level = 6, fn = ffffffff808ed0d8
[    2.730056] do_initcall_level 883: level = 6, fn = ffffffff808ed0e0
[    2.736232] do_initcall_level 883: level = 6, fn = ffffffff808ed0e8
[    2.742763] do_initcall_level 883: level = 6, fn = ffffffff808ed0f0
[    2.748874] do_initcall_level 883: level = 6, fn = ffffffff808ed0f8
[    2.755327] do_initcall_level 883: level = 6, fn = ffffffff808ed100
[    2.763112] do_initcall_level 883: level = 6, fn = ffffffff808ed108
[    2.770369] do_initcall_level 883: level = 6, fn = ffffffff808ed110
[    2.776535] do_initcall_level 883: level = 6, fn = ffffffff808ed118
[    2.782971] squashfs: version 4.0 (2009/01/31) Phillip Lougher
[    2.788646] do_initcall_level 883: level = 6, fn = ffffffff808ed120
[    2.795321] do_initcall_level 883: level = 6, fn = ffffffff808ed128
[    2.801450] do_initcall_level 883: level = 6, fn = ffffffff808ed130
[    2.807757] do_initcall_level 883: level = 6, fn = ffffffff808ed138
[    2.813948] do_initcall_level 883: level = 6, fn = ffffffff808ed140
[    2.820175] jffs2: version 2.2 (NAND) (SUMMARY) (LZMA) (RTIME) (CMODE_PRIORITY) (c) 2001-2006 Red Hat, Inc.
[    2.830761] do_initcall_level 883: level = 6, fn = ffffffff808ed148
[    2.836891] do_initcall_level 883: level = 6, fn = ffffffff808ed150
[    2.843119] do_initcall_level 883: level = 6, fn = ffffffff808ed158
[    2.849399] do_initcall_level 883: level = 6, fn = ffffffff808ed160
[    2.856094] do_initcall_level 883: level = 6, fn = ffffffff808ed168
[    2.862233] do_initcall_level 883: level = 6, fn = ffffffff808ed170
[    2.868536] do_initcall_level 883: level = 6, fn = ffffffff808ed178
[    2.874707] do_initcall_level 883: level = 6, fn = ffffffff808ed180
[    2.881316] do_initcall_level 883: level = 6, fn = ffffffff808ed188
[    2.887941] do_initcall_level 883: level = 6, fn = ffffffff808ed190
[    2.894321] do_initcall_level 883: level = 6, fn = ffffffff808ed198
[    2.900466] do_initcall_level 883: level = 6, fn = ffffffff808ed1a0
[    2.906743] io scheduler noop registered
[    2.910583] do_initcall_level 883: level = 6, fn = ffffffff808ed1a8
[    2.916833] io scheduler deadline registered (default)
[    2.921952] do_initcall_level 883: level = 6, fn = ffffffff808ed1b0
[    2.928212] do_initcall_level 883: level = 6, fn = ffffffff808ed1b8
[    2.934456] do_initcall_level 883: level = 6, fn = ffffffff808ed1c0
[    2.941163] octeon_gpio 1070000000800.gpio-controller: OCTEON GPIO driver probed.
[    2.948672] do_initcall_level 883: level = 6, fn = ffffffff808ed1c8
[    2.954854] do_initcall_level 883: level = 6, fn = ffffffff808ed1d0
[    2.961161] do_initcall_level 883: level = 6, fn = ffffffff808ed1d8
[    2.967297] do_initcall_level 883: level = 6, fn = ffffffff808ed1e0
[    2.973531] Serial: 8250/16550 driver, 2 ports, IRQ sharing disabled
[    2.980714] do_initcall_level 883: level = 6, fn = ffffffff808ed1e8
[    2.988301] console [ttyS0] disabled
[    2.991808] 1180000000800.serial: ttyS0 at MMIO 0x1180000000800 (irq = 34, base_baud = 25000000) is a OCTEON
[    3.001609] console [ttyS0] enabled
[    3.001609] console [ttyS0] enabled
[    3.008481] bootconsole [early0] disabled
[    3.008481] bootconsole [early0] disabled
[    3.017109] 1180000000c00.serial: ttyS1 at MMIO 0x1180000000c00 (irq = 35, base_baud = 25000000) is a OCTEON
[    3.027361] do_initcall_level 883: level = 6, fn = ffffffff808ed1f0
[    3.033663] do_initcall_level 883: level = 6, fn = ffffffff808ed1f8
[    3.040208] do_initcall_level 883: level = 6, fn = ffffffff808ed200
[    3.046787] octeon_rng octeon_rng: Octeon Random Number Generator
[    3.052963] do_initcall_level 883: level = 6, fn = ffffffff808ed208
[    3.059501] do_initcall_level 883: level = 6, fn = ffffffff808ed210
[    3.065794] do_initcall_level 883: level = 6, fn = ffffffff808ed218
[    3.072271] do_initcall_level 883: level = 6, fn = ffffffff808ed220
[    3.078933] do_initcall_level 883: level = 6, fn = ffffffff808ed228
[    3.085287] do_initcall_level 883: level = 6, fn = ffffffff808ed230
[    3.091573] do_initcall_level 883: level = 6, fn = ffffffff808ed238
[    3.097909] do_initcall_level 883: level = 6, fn = ffffffff808ed240
[    3.104241] do_initcall_level 883: level = 6, fn = ffffffff808ed248
[    3.110529] do_initcall_level 883: level = 6, fn = ffffffff808ed250
[    3.117017] do_initcall_level 883: level = 6, fn = ffffffff808ed258
[    3.124755] spi-octeon 1070000001000.spi: OCTEON SPI bus driver
[    3.130877] do_initcall_level 883: level = 6, fn = ffffffff808ed260
[    3.137208] do_initcall_level 883: level = 6, fn = ffffffff808ed268
[    3.143525] do_initcall_level 883: level = 6, fn = ffffffff808ed270
[    3.150117] do_initcall_level 883: level = 6, fn = ffffffff808ed278
[    3.156896] libphy: Fixed MDIO Bus: probed
[    3.161007] do_initcall_level 883: level = 6, fn = ffffffff808ed280
[    3.167507] libphy: mdio-octeon: probed
[    3.172004] mdio-octeon 1180000001800.mdio: Version 1.1
[    3.177436] libphy: mdio-octeon: probed
[    3.182419] mdio-octeon 1180000001900.mdio: Version 1.1
[    3.188020] do_initcall_level 883: level = 6, fn = ffffffff808ed288
[    3.194544] do_initcall_level 883: level = 6, fn = ffffffff808ed290
[    3.201054] do_initcall_level 883: level = 6, fn = ffffffff808ed298
[    3.207417] octeon-ethernet 2.0
[    3.210572] cvm_oct_get_port_status 775: num_interfaces = 5
[    3.216155] cvm_oct_get_port_status 781: num_ports = 1
[    3.221316] cvm_oct_get_port_status 781: num_ports = 0
[    3.226462] cvm_oct_get_port_status 781: num_ports = 4
[    3.231609] cvm_oct_get_port_status 781: num_ports = 4
[    3.236755] cvm_oct_get_port_status 781: num_ports = 1
[    3.245085] Interface 0 has 1 ports (SGMII)
[    3.249354] Interface 2 has 4 ports (NPI)
[    3.253384] Interface 3 has 4 ports (LOOP)
[    3.257502] Interface 4 has 1 ports (AGL)
[    3.275254] do_initcall_level 883: level = 6, fn = ffffffff808ed2a0
[    3.281570] ehci_hcd: USB 2.0 'Enhanced' Host Controller (EHCI) Driver
[    3.288106] do_initcall_level 883: level = 6, fn = ffffffff808ed2a8
[    3.294391] ehci-pci: EHCI PCI platform driver
[    3.299029] do_initcall_level 883: level = 6, fn = ffffffff808ed2b0
[    3.305327] ehci-platform: EHCI generic platform driver
[    3.310797] do_initcall_level 883: level = 6, fn = ffffffff808ed2b8
[    3.317088] ohci_hcd: USB 1.1 'Open' Host Controller (OHCI) Driver
[    3.323328] do_initcall_level 883: level = 6, fn = ffffffff808ed2c0
[    3.329616] ohci-platform: OHCI generic platform driver
[    3.335046] do_initcall_level 883: level = 6, fn = ffffffff808ed2c8
[    3.341468] usbcore: registered new interface driver usb-storage
[    3.347493] do_initcall_level 883: level = 6, fn = ffffffff808ed2d0
[    3.353779] i2c /dev entries driver
[    3.357323] do_initcall_level 883: level = 6, fn = ffffffff808ed2d8
[    3.364947] i2c-octeon 1180000001000.i2c: version 2.5
[    3.370511] i2c-octeon 1180000001200.i2c: version 2.5
[    3.375733] do_initcall_level 883: level = 6, fn = ffffffff808ed2e0
[    3.382033] octeon_wdt: Initial granularity 5 Sec
[    3.387233] do_initcall_level 883: level = 6, fn = ffffffff808ed2e8
[    3.394118] EDAC DEVICE0: Giving out device to module octeon-cpu controller cache: DEV octeon_pc_edac (INTERRUPT)
[    3.404517] do_initcall_level 883: level = 6, fn = ffffffff808ed2f0
[    3.411057] EDAC DEVICE1: Giving out device to module octeon-l2c controller octeon_l2c_err: DEV octeon_l2c_edac (POLLED)
[    3.422049] do_initcall_level 883: level = 6, fn = ffffffff808ed2f8
[    3.428398] octeon_lmc_edac octeon_lmc_edac.0: Disabled (ECC not enabled)
[    3.435302] do_initcall_level 883: level = 6, fn = ffffffff808ed300
[    3.441711] do_initcall_level 883: level = 6, fn = ffffffff808ed308
[    3.448010] do_initcall_level 883: level = 6, fn = ffffffff808ed310
[    3.454299] do_initcall_level 883: level = 6, fn = ffffffff808ed318
[    3.460585] do_initcall_level 883: level = 6, fn = ffffffff808ed320
[    3.466870] do_initcall_level 883: level = 6, fn = ffffffff808ed328
[    3.473231] do_initcall_level 883: level = 6, fn = ffffffff808ed330
[    3.479521] do_initcall_level 883: level = 6, fn = ffffffff808ed338
[    3.485803] do_initcall_level 883: level = 6, fn = ffffffff808ed340
[    3.492084] do_initcall_level 883: level = 6, fn = ffffffff808ed348
[    3.498553] do_initcall_level 883: level = 6, fn = ffffffff808ed350
[    3.504841] do_initcall_level 883: level = 6, fn = ffffffff808ed358
[    3.512511] NET: Registered protocol family 10
[    3.520432] do_initcall_level 883: level = 6, fn = ffffffff808ed360
[    3.526757] NET: Registered protocol family 17
[    3.531240] do_initcall_level 883: level = 6, fn = ffffffff808ed368
[    3.537734] bridge: automatic filtering via arp/ip/ip6tables has been deprecated. Update your scripts to load br_netfilter if you need this.
[    3.550365] do_initcall_level 883: level = 6, fn = ffffffff808ed370
[    3.556650] 8021q: 802.1Q VLAN Support v1.8
[    3.561008] do_initcalls 893: level = 7
[    3.564978] do_initcall_level 883: level = 7, fn = ffffffff808ed378
[    3.571290] do_initcall_level 883: level = 7, fn = ffffffff808ed380
[    3.577578] L2 lock: TLB refill 256 bytes
[    3.581601] L2 lock: General exception 128 bytes
[    3.586226] L2 lock: low-level interrupt 128 bytes
[    3.591024] L2 lock: interrupt 640 bytes
[    3.594967] L2 lock: memcpy 1152 bytes
[    3.598742] do_initcall_level 883: level = 7, fn = ffffffff808ed388
[    3.605163] Bootbus flash: Setting flash for 64MB flash at 0x1bc00000
[    3.611616] do_map_probe 62 *** 
[    3.614852] do_map_probe 64 *** 
[    3.618086] do_map_probe 69 *** 
[    3.621321] do_map_probe 72 *** 
[    3.624551] mtd_do_chip_probe 25: ***
[    3.628219] genprobe_ident_chips 68: ***
[    3.632149] cfi_probe_chip 88 *** 
[    3.635557] cfi_probe_chip 90 *** 
[    3.638965] cfi_qry_mode_on 247 *** 
[    3.642547] cfi_send_gen_cmd 202 *** 
[    3.646216] cfi_send_gen_cmd 204 *** 
[    3.649884] cfi_send_gen_cmd 206 *** 
[    3.653553] cfi_send_gen_cmd 209 *** 
[    3.657294] cfi_send_gen_cmd 211 *** 
[    3.660965] cfi_qry_mode_on 249 *** 
[    3.664542] cfi_send_gen_cmd 202 *** 
[    3.668210] cfi_send_gen_cmd 204 *** 
[    3.671878] cfi_send_gen_cmd 206 *** 
[    3.675546] cfi_send_gen_cmd 209 *** 
[    3.679216] cfi_send_gen_cmd 211 *** 
[    3.682892] cfi_send_gen_cmd 202 *** 
[    3.686561] cfi_send_gen_cmd 204 *** 
[    3.690229] cfi_send_gen_cmd 206 *** 
[    3.693897] cfi_send_gen_cmd 209 *** 
[    3.697567] cfi_send_gen_cmd 211 *** 
[    3.701235] cfi_send_gen_cmd 202 *** 
[    3.704904] cfi_send_gen_cmd 204 *** 
[    3.708566] cfi_send_gen_cmd 206 *** 
[    3.712234] cfi_send_gen_cmd 209 *** 
[    3.715904] cfi_send_gen_cmd 211 *** 
[    3.719573] cfi_send_gen_cmd 202 *** 
[    3.723241] cfi_send_gen_cmd 204 *** 
[    3.726909] cfi_send_gen_cmd 206 *** 
[    3.730577] cfi_send_gen_cmd 209 *** 
[    3.734247] cfi_send_gen_cmd 211 *** 
[    3.737923] cfi_send_gen_cmd 202 *** 
[    3.741591] cfi_send_gen_cmd 204 *** 
[    3.745260] cfi_send_gen_cmd 206 *** 
[    3.748928] cfi_send_gen_cmd 209 *** 
[    3.752592] cfi_send_gen_cmd 211 *** 
[    3.756260] cfi_send_gen_cmd 202 *** 
[    3.759929] cfi_send_gen_cmd 204 *** 
[    3.763597] cfi_send_gen_cmd 206 *** 
[    3.767278] cfi_send_gen_cmd 209 *** 
[    3.770949] cfi_send_gen_cmd 211 *** 
[    3.774624] cfi_send_gen_cmd 202 *** 
[    3.778293] cfi_send_gen_cmd 204 *** 
[    3.781961] cfi_send_gen_cmd 206 *** 
[    3.785629] cfi_send_gen_cmd 209 *** 
[    3.789299] cfi_send_gen_cmd 211 *** 
[    3.792967] cfi_send_gen_cmd 202 *** 
[    3.796630] cfi_send_gen_cmd 204 *** 
[    3.800298] cfi_send_gen_cmd 206 *** 
[    3.803966] cfi_send_gen_cmd 209 *** 
[    3.807636] cfi_send_gen_cmd 211 *** 
[    3.811305] cfi_send_gen_cmd 202 *** 
[    3.814973] cfi_send_gen_cmd 204 *** 
[    3.818641] cfi_send_gen_cmd 206 *** 
[    3.822309] cfi_send_gen_cmd 209 *** 
[    3.825979] cfi_send_gen_cmd 211 *** 
[    3.829647] cfi_send_gen_cmd 202 *** 
[    3.833315] cfi_send_gen_cmd 204 *** 
[    3.836984] cfi_send_gen_cmd 206 *** 
[    3.840646] cfi_send_gen_cmd 209 *** 
[    3.844316] cfi_send_gen_cmd 211 *** 
[    3.847992] cfi_send_gen_cmd 202 *** 
[    3.851660] cfi_send_gen_cmd 204 *** 
[    3.855328] cfi_send_gen_cmd 206 *** 
[    3.858996] cfi_send_gen_cmd 209 *** 
[    3.862666] cfi_send_gen_cmd 211 *** 
[    3.866335] cfi_send_gen_cmd 202 *** 
[    3.870003] cfi_send_gen_cmd 204 *** 
[    3.873671] cfi_send_gen_cmd 206 *** 
[    3.877339] cfi_send_gen_cmd 209 *** 
[    3.881009] cfi_send_gen_cmd 211 *** 
[    3.884672] cfi_send_gen_cmd 202 *** 
[    3.888340] cfi_send_gen_cmd 204 *** 
[    3.892008] cfi_send_gen_cmd 206 *** 
[    3.895676] cfi_send_gen_cmd 209 *** 
[    3.899346] cfi_send_gen_cmd 211 *** 
[    3.903014] cfi_send_gen_cmd 202 *** 
[    3.906683] cfi_send_gen_cmd 204 *** 
[    3.910351] cfi_send_gen_cmd 206 *** 
[    3.914019] cfi_send_gen_cmd 209 *** 
[    3.917689] cfi_send_gen_cmd 211 *** 
[    3.921365] cfi_probe_chip 88 *** 
[    3.924767] cfi_probe_chip 90 *** 
[    3.928176] cfi_qry_mode_on 247 *** 
[    3.931757] cfi_send_gen_cmd 202 *** 
[    3.935425] cfi_send_gen_cmd 204 *** 
[    3.939094] cfi_send_gen_cmd 206 *** 
[    3.942762] cfi_send_gen_cmd 209 *** 
[    3.946432] cfi_send_gen_cmd 211 *** 
[    3.950100] cfi_qry_mode_on 249 *** 
[    3.953682] cfi_send_gen_cmd 202 *** 
[    3.957350] cfi_send_gen_cmd 204 *** 
[    3.961018] cfi_send_gen_cmd 206 *** 
[    3.964681] cfi_send_gen_cmd 209 *** 
[    3.968351] cfi_send_gen_cmd 211 *** 
[    3.972026] cfi_probe_chip 95 *** 
[    3.975518] cfi_send_gen_cmd 202 *** 
[    3.979187] cfi_send_gen_cmd 204 *** 
[    3.982855] cfi_send_gen_cmd 206 *** 
[    3.986524] cfi_send_gen_cmd 209 *** 
[    3.990194] cfi_send_gen_cmd 211 *** 
[    3.993862] cfi_send_gen_cmd 202 *** 
[    3.997530] cfi_send_gen_cmd 204 *** 
[    4.001198] cfi_send_gen_cmd 206 *** 
[    4.004868] cfi_send_gen_cmd 209 *** 
[    4.008532] cfi_send_gen_cmd 211 *** 
[    4.012200] cfi_send_gen_cmd 202 *** 
[    4.015869] cfi_send_gen_cmd 204 *** 
[    4.019537] cfi_send_gen_cmd 206 *** 
[    4.023213] cfi_send_gen_cmd 209 *** 
[    4.026883] cfi_send_gen_cmd 211 *** 
[    4.030551] cfi_send_gen_cmd 202 *** 
[    4.034219] cfi_send_gen_cmd 204 *** 
[    4.037888] cfi_send_gen_cmd 206 *** 
[    4.041556] cfi_send_gen_cmd 209 *** 
[    4.045225] cfi_send_gen_cmd 211 *** 
[    4.048899] cfi_send_gen_cmd 202 *** 
[    4.052562] cfi_send_gen_cmd 204 *** 
[    4.056230] cfi_send_gen_cmd 206 *** 
[    4.059898] cfi_send_gen_cmd 209 *** 
[    4.063568] cfi_send_gen_cmd 211 *** 
[    4.067236] cfi_send_gen_cmd 202 *** 
[    4.070904] cfi_send_gen_cmd 204 *** 
[    4.074572] cfi_send_gen_cmd 206 *** 
[    4.078241] cfi_send_gen_cmd 209 *** 
[    4.081910] cfi_send_gen_cmd 211 *** 
[    4.085583] phys_mapped_flash: Found 1 x16 devices at 0x0 in 8-bit bank. Manufacturer ID 0x000089 Chip ID 0x00007e
[    4.095939] genprobe_ident_chips 77: ***
[    4.099869] genprobe_ident_chips 128: ***
[    4.103885] genprobe_ident_chips 137: ***
[    4.107902] genprobe_ident_chips 145: ***
[    4.111921] mtd_do_chip_probe 28: ***
[    4.115589] mtd_do_chip_probe 34: ***
[    4.119261] Amd/Fujitsu Extended Query Table at 0x0040
[    4.124406] cfi_qry_mode_on 247 *** 
[    4.127988] cfi_send_gen_cmd 202 *** 
[    4.131656] cfi_send_gen_cmd 204 *** 
[    4.135324] cfi_send_gen_cmd 206 *** 
[    4.138992] cfi_send_gen_cmd 209 *** 
[    4.142663] cfi_send_gen_cmd 211 *** 
[    4.146331] cfi_qry_mode_on 249 *** 
[    4.149912] cfi_send_gen_cmd 202 *** 
[    4.153581] cfi_send_gen_cmd 204 *** 
[    4.157249] cfi_send_gen_cmd 206 *** 
[    4.160917] cfi_send_gen_cmd 209 *** 
[    4.164581] cfi_send_gen_cmd 211 *** 
[    4.168295] cfi_send_gen_cmd 202 *** 
[    4.171963] cfi_send_gen_cmd 204 *** 
[    4.175632] cfi_send_gen_cmd 206 *** 
[    4.179300] cfi_send_gen_cmd 209 *** 
[    4.182970] cfi_send_gen_cmd 211 *** 
[    4.186638] cfi_send_gen_cmd 202 *** 
[    4.190306] cfi_send_gen_cmd 204 *** 
[    4.193974] cfi_send_gen_cmd 206 *** 
[    4.197642] cfi_send_gen_cmd 209 *** 
[    4.201312] cfi_send_gen_cmd 211 *** 
[    4.204981]   Amd/Fujitsu Extended Query version 1.3.
[    4.210043] number of CFI chips: 1
[    4.213454] do_map_probe 74 *** 
[    4.216682] do_map_probe 81 *** 
[    4.219939] 8 cmdlinepart partitions found on MTD device phys_mapped_flash
[    4.226823] Creating 8 MTD partitions on "phys_mapped_flash":
[    4.232580] 0x000000000000-0x000000200000 : "u-boot"
[    4.239472] 0x000000200000-0x000000240000 : "bootenv"
[    4.246221] 0x000000240000-0x000000280000 : "sysinfo"
[    4.252643] 0x000000280000-0x0000002a0000 : "ART"
[    4.258782] 0x0000002a0000-0x0000003a0000 : "log"
[    4.265030] 0x0000003a0000-0x000000da0000 : "safemode"
[    4.271657] 0x000000da0000-0x0000025a0000 : "firmware"
[    4.278300] 0x0000025a0000-0x000004000000 : "config"
[    4.284768] do_initcall_level 883: level = 7, fn = ffffffff808ed390
[    4.291082] Unknown board type! Failed to parse gpio configuration!
[    4.297368] do_initcall_level 883: level = 7, fn = ffffffff808ed398
[    4.303673] do_initcall_level 883: level = 7, fn = ffffffff808ed3a0
[    4.310461] do_initcall_level 883: level = 7, fn = ffffffff808ed3a8
[    4.316760] do_initcall_level 883: level = 7, fn = ffffffff808ed3b0
[    4.323064] do_initcall_level 883: level = 7, fn = ffffffff808ed3b8
[    4.329350] do_initcall_level 883: level = 7, fn = ffffffff808ed3c0
[    4.335633] do_initcall_level 883: level = 7, fn = ffffffff808ed3c8
[    4.341917] do_initcall_level 883: level = 7, fn = ffffffff808ed3d0
[    4.348198] do_initcall_level 883: level = 7, fn = ffffffff808ed3d8
[    4.354482] do_initcall_level 883: level = 7, fn = ffffffff808ed3e0
[    4.360777] do_initcall_level 883: level = 7, fn = ffffffff808ed3e8
[    4.367066] do_initcall_level 883: level = 7, fn = ffffffff808ed3f0
[    4.373515] do_initcall_level 883: level = 7, fn = ffffffff808ed3f8
[    4.379824] do_initcall_level 883: level = 7, fn = ffffffff808ed400
[    4.386243] do_initcall_level 883: level = 7, fn = ffffffff808ed408
[    4.392909] do_initcall_level 883: level = 7, fn = ffffffff808ed410
[    4.399203] do_initcall_level 883: level = 7, fn = ffffffff808ed418
[    4.405634] fdt: not creating '/sys/firmware/fdt': CRC check failed
[    4.411910] do_initcall_level 883: level = 7, fn = ffffffff808ed420
[    4.418193] do_initcall_level 883: level = 7, fn = ffffffff808ed428
[    4.424476] do_initcall_level 883: level = 7, fn = ffffffff808ed430
[    4.436157] Freeing unused kernel memory: 6144K (ffffffff80890000 - ffffffff80e90000)
[    4.457174] init: Console is alive
[    4.461066] init: - watchdog -
[    4.477358] init: - preinit -
Press the [f] key and hit [enter] to enter failsafe mode
Press the [1], [2], [3] or [4] key and hit [enter] to select the debug level
[    5.325051] random: nonblocking pool is initialized
[    7.585524] procd: - early -
[    7.588492] procd: - watchdog -
[    8.173389] procd: - ubus -
[    8.230546] procd: - init -
Please press Enter to activate this console.
[    8.824492] ip6_tables: (C) 2000-2006 Netfilter Core Team
[    8.838280] Loading modules backported from Linux version wt-2016-05-12-0-g7a54796
[    8.845890] Backport generated by backports.git backports-20160216-0-ge3c56e4
[    8.919135] ath10k_pci 0000:01:00.0: pci irq legacy oper_irq_mode 1 irq_mode 0 reset_mode 0
[    8.984809] ath10k_pci 0000:01:00.0: Direct firmware load for ath10k/pre-cal-pci-0000:01:00.0.bin failed with error -2
[    8.995540] ath10k_pci 0000:01:00.0: Falling back to user helper
[    9.012454] firmware ath10k!pre-cal-pci-0000:01:00.0.bin: firmware_loading_store: map pages failed
[    9.021797] ath10k_pci 0000:01:00.0: Direct firmware load for ath10k/cal-pci-0000:01:00.0.bin failed with error -2
[    9.032180] ath10k_pci 0000:01:00.0: Falling back to user helper
[    9.048663] firmware ath10k!cal-pci-0000:01:00.0.bin: firmware_loading_store: map pages failed
[    9.058787] ** found otp image ie (8919 B)
[    9.063058] ath10k_pci 0000:01:00.0: qca9984/qca9994 hw1.0 target 0x01000000 chip_id 0x00000000 sub 168c:cafe
[    9.072993] ath10k_pci 0000:01:00.0: kconfig debug 1 debugfs 1 tracing 1 dfs 1 testmode 1
[    9.089181] ath10k_pci 0000:01:00.0: firmware ver 10.4-3.2-00072 api 5 features no-p2p,mfp,peer-flow-ctrl crc32 61dee96a
[   10.521845] ath10k_core_fetch_board_file 1004: trying to get board data using bd_api 2
[   10.529984] ath10k_core_parse_bd_ie_board 808: *** board_ie_id = ATH10K_BD_IE_BOARD_NAME**********
[   10.539033] ath10k_core_parse_bd_ie_board 812: board_ie_len = 36
[   10.545053] ath10k_core_parse_bd_ie_board 813: strlen(boardname) = 36
[   10.551500] ath10k_core_parse_bd_ie_board 814: boardname = bus=pci,bmi-chip-id=0,bmi-board-id=4
[   10.560226] ath10k_core_parse_bd_ie_board 828: *** board_ie_id = ATH10K_BD_IE_BOARD_DATA**********
[   10.569384] ath10k_pci 0000:01:00.0: board_file api 2 bmi_id 0:4 crc32 81e79793
[   10.577423] ath10k_init_configure_target 313: settings HTC version ########
[   13.277382] ath10k_pci 0000:01:00.0: htt-ver 2.2 wmi-op 6 htt-op 4 cal otp max-sta 512 raw 0 hwcrypto 1
[   13.287218] CPU: 2 PID: 6 Comm: kworker/u8:0 Not tainted 4.4.14 #274
[   13.293596] Workqueue: ath10k_wq ath10k_core_stop [ath10k_core]
[   13.299530] Stack : 0000000000000004 ffffffff819a66a8 0000000000000000 0000000000000000
	  0000000000000000 0000000000000000 0000000000000001 ffffffff8019ed2c
	  0000000000000000 0000000000000000 0000000000000000 ffffffff80840000
	  ffffffff8019c538 ffffffff80840000 800000004ec376c0 ffffffff807d0000
	  ffffffff806d1838 ffffffff8010ce90 800000004cf83c30 800000004cf837f0
	  ffffffffc01981b4 fffffffffffffff5 ffffffffc01d0000 ffffffff8019c538
	  0000000000000006 800000004ecfbaf8 ffffffffc01981b4 ffffffff80174f1c
	  ffffffffc01d0000 800000004ecfba10 ffffffff8019e7b8 ffffffff8035e988
	  0000000000000001 0000000000000000 ffffffff8019e7a4 31306b5f636f7265
	  0000000000000002 ffffffff801453c8 ffffffffc019c72c 800000004ee2a000
	  ...
[   13.365185] Call Trace:
[   13.367642] [<ffffffff801453c8>] show_stack+0x50/0x84
[   13.372702] [<ffffffff8035e988>] dump_stack+0x8c/0xc4
[   13.377772] [<ffffffffc01e8f40>] ath10k_pci_wait_for_target_init+0x2d8/0x82c [ath10k_pci]
[   13.385955] 
[   13.420257] ath10k_pci 0000:02:00.0: pci irq legacy oper_irq_mode 1 irq_mode 0 reset_mode 0
[   13.484572] ath10k_pci 0000:02:00.0: Direct firmware load for ath10k/pre-cal-pci-0000:02:00.0.bin failed with error -2
[   13.495310] ath10k_pci 0000:02:00.0: Falling back to user helper
[   13.511621] firmware ath10k!pre-cal-pci-0000:02:00.0.bin: firmware_loading_store: map pages failed
[   13.521006] ath10k_pci 0000:02:00.0: Direct firmware load for ath10k/cal-pci-0000:02:00.0.bin failed with error -2
[   13.531383] ath10k_pci 0000:02:00.0: Falling back to user helper
[   13.547779] firmware ath10k!cal-pci-0000:02:00.0.bin: firmware_loading_store: map pages failed
[   13.556724] ** found otp image ie (8919 B)
[   13.560987] ath10k_pci 0000:02:00.0: qca9984/qca9994 hw1.0 target 0x01000000 chip_id 0x00000000 sub 168c:cafe
[   13.570922] ath10k_pci 0000:02:00.0: kconfig debug 1 debugfs 1 tracing 1 dfs 1 testmode 1
[   13.587148] ath10k_pci 0000:02:00.0: firmware ver 10.4-3.2-00072 api 5 features no-p2p,mfp,peer-flow-ctrl crc32 61dee96a
[   15.019065] ath10k_core_fetch_board_file 1004: trying to get board data using bd_api 2
[   15.027211] ath10k_core_parse_bd_ie_board 808: *** board_ie_id = ATH10K_BD_IE_BOARD_NAME**********
[   15.036262] ath10k_core_parse_bd_ie_board 812: board_ie_len = 36
[   15.042282] ath10k_core_parse_bd_ie_board 813: strlen(boardname) = 36
[   15.048734] ath10k_core_parse_bd_ie_board 814: boardname = bus=pci,bmi-chip-id=0,bmi-board-id=3
[   15.057472] ath10k_core_parse_bd_ie_board 828: *** board_ie_id = ATH10K_BD_IE_BOARD_DATA**********
[   15.066627] ath10k_pci 0000:02:00.0: board_file api 2 bmi_id 0:3 crc32 1f1c5026
[   15.074464] ath10k_init_configure_target 313: settings HTC version ########
[   17.761136] ath10k_pci 0000:02:00.0: htt-ver 2.2 wmi-op 6 htt-op 4 cal otp max-sta 512 raw 0 hwcrypto 1
[   17.771060] CPU: 0 PID: 6 Comm: kworker/u8:0 Not tainted 4.4.14 #274
[   17.777450] Workqueue: ath10k_wq ath10k_core_stop [ath10k_core]
[   17.783382] Stack : 0000000000000004 ffffffff819a66a8 0000000000000000 0000000000000000
	  0000000000000000 0000000000000000 0000000000000001 ffffffff8019ed2c
	  0000000000000000 0000000000000000 0000000000000000 ffffffff80840000
	  ffffffff8019c538 ffffffff80840000 800000004ec376c0 ffffffff807d0000
	  ffffffff806d1838 ffffffff8010ce90 800000004c7c3c30 800000004c7c37f0
	  ffffffffc01981b4 fffffffffffffff5 ffffffffc01d0000 ffffffff8019c538
	  0000000000000006 800000004ecfbaf8 ffffffffc01981b4 ffffffff80174f1c
	  ffffffffc01d0000 800000004ecfba10 ffffffff8019e7b8 ffffffff8035e988
	  0000000000000001 0000000000000000 ffffffff8019e7a4 31306b5f636f7265
	  0000000000000000 ffffffff801453c8 ffffffffc019c72c 800000004d5ebe00
	  ...
[   17.849031] Call Trace:
[   17.851489] [<ffffffff801453c8>] show_stack+0x50/0x84
[   17.856548] [<ffffffff8035e988>] dump_stack+0x8c/0xc4
[   17.861618] [<ffffffffc01e8f40>] ath10k_pci_wait_for_target_init+0x2d8/0x82c [ath10k_pci]
[   17.869803] 
[   17.904984] ip_tables: (C) 2000-2006 Netfilter Core Team
[   17.915937] nf_conntrack version 0.5.0 (7469 buckets, 29876 max)
[   17.992937] xt_time: kernel timezone is -0000
[   18.004551] PPP generic driver version 2.4.2
[   18.010187] NET: Registered protocol family 24
[   21.377252] cvm_oct_sgmii_open 95 ****
[   21.381045] cvm_oct_phy_setup_device 584 *****
[   21.385513] cvm_oct_phy_setup_device 587 *****
[   21.389981] cvm_oct_phy_setup_device 591 *phy_node->name = ethernet-phy****
[   21.396961] cvm_oct_phy_setup_device 592 *phy_node->type = <NULL>****
[   21.403416] cvm_oct_phy_setup_device 593 *phy_node->full_name = /soc@0/mdio@1180000001900/ethernet-phy@0****
[   21.413259] cvm_oct_phy_setup_device 609 *****
[   21.417724] of_phy_connect 232*****
[   21.421225] of_phy_connect 235*****
[   21.424720] phy_connect_direct 474*****
[   21.428573] phy_connect_direct 478*****
[   21.432421] phy_connect_direct 480*****
[   21.436275] phy_connect_direct 482 phydev->irq = 27*****
[   21.441607] CPU: 2 PID: 1116 Comm: netifd Not tainted 4.4.14 #274
[   21.447702] Stack : 0000000000000539 0000000000000006 ffffffff806dcad0 ffffffff819c0000
	  0000000000000001 0000000000000002 0000000000000004 ffffffff819a66aa
	  0000000000000000 0000000000000001 0000000000000002 ffffffff8019e314
	  800000004b9e39f8 ffffffff8019ed2c ffffffff8071ebf8 0000000000000000
	  0000000000000000 ffffffff80840000 ffffffff8019c538 ffffffff80840000
	  ffffffff807d9197 ffffffff806d1838 800000004d593c00 0000000000000002
	  000000000000045c ffffffff80fb24e0 0000000000000000 000000fff2185df0
	  000000fff21dac70 800000004b9e38e0 8000000003baa680 ffffffff8035e988
	  0000000000000001 ffffffff8019fb1c 0000000000000001 ffffffff806d1838
	  0000000000000002 ffffffff801453c8 0000000000000000 0000000000000000
	  ...
[   21.513356] Call Trace:
[   21.515816] [<ffffffff801453c8>] show_stack+0x50/0x84
[   21.520877] [<ffffffff8035e988>] dump_stack+0x8c/0xc4
[   21.525936] [<ffffffff80407ba4>] phy_start_interrupts+0x14/0x9c
[   21.531861] [<ffffffff80409950>] phy_connect_direct+0xbc/0xf4
[   21.537619] [<ffffffff80463908>] of_phy_connect+0x8c/0xdc
[   21.543024] [<ffffffff80413e24>] cvm_oct_phy_setup_device+0x138/0x1cc
[   21.549470] [<ffffffff80417e24>] cvm_oct_sgmii_open+0x3c/0x4a0
[   21.555310] [<ffffffff80489c18>] __dev_open+0xd8/0x140
[   21.560453] [<ffffffff80489f04>] __dev_change_flags+0xb4/0x15c
[   21.566291] [<ffffffff80489fd4>] dev_change_flags+0x28/0x70
[   21.571872] [<ffffffff8049fbbc>] dev_ifsioc+0xfc/0x314
[   21.577015] [<ffffffff804a040c>] dev_ioctl+0x638/0x720
[   21.582161] [<ffffffff80468918>] sock_do_ioctl.constprop.14+0x44/0x58
[   21.588605] [<ffffffff80468fbc>] sock_ioctl+0x29c/0x2c4
[   21.593836] [<ffffffff80248194>] do_vfs_ioctl+0x4f8/0x58c
[   21.599239] [<ffffffff80248278>] SyS_ioctl+0x50/0x88
[   21.604212] [<ffffffff801033d0>] syscall_common+0x34/0x58
[   21.609612] 
[   21.612073] phy_connect_direct 485*****
[   21.615923] of_phy_connect 239*****
[   21.619426] cvm_oct_phy_setup_device 612 *****
[   21.623880] cvm_oct_phy_setup_device 615 *****
[   21.628507] cvm_oct_sgmii_open 99 ****
[   21.632265] cvm_oct_sgmii_open 103 ****
[   21.636110] cvm_oct_sgmii_open 106 ****
[   22.085807] eth0: 100 Mbps Full duplex, port 0
[   22.090327] cvm_oct_sgmii_open 112 ****
[   22.094179] cvm_oct_sgmii_open 122 imode = 6****
[   22.101896] device eth0 entered promiscuous mode
[   22.110841] IPv6: ADDRCONF(NETDEV_UP): br-lan: link is not ready
[   22.443615] br-lan: port 1(eth0) entered forwarding state
[   22.449102] br-lan: port 1(eth0) entered forwarding state
[   22.457506] IPv6: ADDRCONF(NETDEV_CHANGE): br-lan: link becomes ready
[   24.453013] br-lan: port 1(eth0) entered forwarding state



BusyBox v1.24.2 () built-in shell (ash)

  _______                     ________        __
 |       |.-----.-----.-----.|  |  |  |.----.|  |_
 |   -   ||  _  |  -__|     ||  |  |  ||   _||   _|
 |_______||   __|_____|__|__||________||__|  |____|
          |__| W I R E L E S S   F R E E D O M
 -----------------------------------------------------
 DESIGNATED DRIVER (Bleeding Edge, 50108)
 -----------------------------------------------------
  * 2 oz. Orange Juice         Combine all juices in a
  * 2 oz. Pineapple Juice      tall glass filled with
  * 2 oz. Grapefruit Juice     ice, stir well.
  * 2 oz. Cranberry Juice
 -----------------------------------------------------
root@OpenWrt:/# 
root@OpenWrt:/# 
root@OpenWrt:/# 
root@OpenWrt:/# 
root@OpenWrt:/# 
root@OpenWrt:/# 
root@OpenWrt:/# 
root@OpenWrt:/# 
root@OpenWrt:/# 
root@OpenWrt:/# 
root@OpenWrt:/# 
root@OpenWrt:/# 
root@OpenWrt:/# 
root@OpenWrt:/# 
root@OpenWrt:/# 
root@OpenWrt:/# 
root@OpenWrt:/# 
root@OpenWrt:/# 
root@OpenWrt:/# 
root@OpenWrt:/# 
root@OpenWrt:/# 
root@OpenWrt:/# 
root@OpenWrt:/# 
root@OpenWrt:/# 
root@OpenWrt:/# 
root@OpenWrt:/# 
root@OpenWrt:/# 
root@OpenWrt:/# 
root@OpenWrt:/# 
root@OpenWrt:/# dmesg
[    0.000000] Linux version 4.4.14 (alan@localhost.localdomain) (gcc version 5.3.0 (OpenWrt GCC 5.3.0 50108) ) #274 SMP Thu Sep 21 09:31:59 UTC 2017
[    0.000000] CVMSEG size: 2 cache lines (256 bytes)
[    0.000000] Cavium Inc. SDK-3.1
[    0.000000] bootconsole [early0] enabled
[    0.000000] CPU0 revision is: 000d9602 (Cavium Octeon III)
[    0.000000] FPU revision is: 00739600
[    0.000000] Checking for the multiply/shift bug... no.
[    0.000000] Checking for the daddiu bug... no.
[    0.000000] Determined physical RAM map:
[    0.000000]  memory: 000000000b400000 @ 0000000003b00000 (usable)
[    0.000000]  memory: 0000000000c00000 @ 000000000f200000 (usable)
[    0.000000]  memory: 000000002f000000 @ 0000000020000000 (usable)
[    0.000000]  memory: 0000000000790000 @ 0000000000100000 (usable)
[    0.000000]  memory: 0000000000600000 @ 0000000000890000 (usable after init)
[    0.000000] Wasting 14336 bytes for tracking 256 unused pages
[    0.000000] Initrd not found or empty - disabling initrd
[    0.000000] Using passed Device Tree <8000000000080000>.
[    0.000000] software IO TLB [mem 0x03b19000-0x03b59000] (0MB) mapped at [8000000003b19000-8000000003b58fff]
[    0.000000] Zone ranges:
[    0.000000]   DMA32    [mem 0x0000000000100000-0x00000000efffffff]
[    0.000000]   Normal   empty
[    0.000000] Movable zone start for each node
[    0.000000] Early memory node ranges
[    0.000000]   node   0: [mem 0x0000000000100000-0x0000000000e8ffff]
[    0.000000]   node   0: [mem 0x0000000003b00000-0x000000000eefffff]
[    0.000000]   node   0: [mem 0x000000000f200000-0x000000000fdfffff]
[    0.000000]   node   0: [mem 0x0000000020000000-0x000000004effffff]
[    0.000000] Initmem setup node 0 [mem 0x0000000000100000-0x000000004effffff]
[    0.000000] On node 0 totalpages: 245136
[    0.000000]   DMA32 zone: 3352 pages used for memmap
[    0.000000]   DMA32 zone: 0 pages reserved
[    0.000000]   DMA32 zone: 245136 pages, LIFO batch:31
[    0.000000] Primary instruction cache 78kB, virtually tagged, 39 way, 16 sets, linesize 128 bytes.
[    0.000000] Primary data cache 32kB, 32-way, 8 sets, linesize 128 bytes.
[    0.000000] Secondary unified cache 512kB, 4-way, 1024 sets, linesize 128 bytes.
[    0.000000] PERCPU: Embedded 16 pages/cpu @8000000003b8a000 s25728 r8192 d31616 u65536
[    0.000000] pcpu-alloc: s25728 r8192 d31616 u65536 alloc=16*4096
[    0.000000] pcpu-alloc: [0] 0 [0] 1 [0] 2 [0] 3 
[    0.000000] Built 1 zonelists in Zone order, mobility grouping on.  Total pages: 241784
[    0.000000] Kernel command line:  bootoctlinux 0x20000000 snwl_irv=0x560004 prodcode=0x5430 uboot_version=8.2.0.0-7o numcores=4 console=ttyS0,115200 mtdparts=phys_mapped_flash:2048K(u-boot),256k(bootenv),256k(sysinfo)ro,128k(ART)ro,1024k(log),10240k(safemode),24576k(firmware),27008k(config);octeon_nand0:512M(data)
[    0.000000] PID hash table entries: 4096 (order: 3, 32768 bytes)
[    0.000000] Dentry cache hash table entries: 131072 (order: 8, 1048576 bytes)
[    0.000000] Inode-cache hash table entries: 65536 (order: 7, 524288 bytes)
[    0.000000] Memory: 949972K/980544K available (4549K kernel code, 1018K rwdata, 2152K rodata, 6144K init, 44525K bss, 30572K reserved, 0K cma-reserved)
[    0.000000] SLUB: HWalign=128, Order=0-3, MinObjects=0, CPUs=4, Nodes=1
[    0.000000] Hierarchical RCU implementation.
[    0.000000] 	CONFIG_RCU_FANOUT set to non-default value of 32
[    0.000000] 	RCU restricting CPUs from NR_CPUS=16 to nr_cpu_ids=4.
[    0.000000] RCU: Adjusting geometry for rcu_fanout_leaf=16, nr_cpu_ids=4
[    0.000000] kmemleak: Kernel memory leak detector disabled
[    0.000000] NR_IRQS:511
[    0.000000] CIB interrupt controller probed: 800107000000e800 11 bits
[    0.000000] CIB interrupt controller probed: 800107000000e900 11 bits
[    0.575476] clocksource: OCTEON_CVMCOUNT: mask: 0xffffffffffffffff max_cycles: 0xb881274fa3, max_idle_ns: 440795210636 ns
[    0.586444] Lock dependency validator: Copyright (c) 2006 Red Hat, Inc., Ingo Molnar
[    0.594134] ... MAX_LOCKDEP_SUBCLASSES:  8
[    0.598184] ... MAX_LOCK_DEPTH:          48
[    0.602350] ... MAX_LOCKDEP_KEYS:        8191
[    0.606690] ... CLASSHASH_SIZE:          4096
[    0.611030] ... MAX_LOCKDEP_ENTRIES:     32768
[    0.615457] ... MAX_LOCKDEP_CHAINS:      65536
[    0.619883] ... CHAINHASH_SIZE:          32768
[    0.624310]  memory used by lock dependency info: 8127 kB
[    0.629692]  per task-struct memory footprint: 1920 bytes
[    0.635096] kmemleak: Early log buffer exceeded (1097), please increase DEBUG_KMEMLEAK_EARLY_LOG_SIZE
[    0.644282] Calibrating delay loop (skipped) preset value.. 1600.00 BogoMIPS (lpj=3200000)
[    0.652517] pid_max: default: 32768 minimum: 301
[    0.657237] Mount-cache hash table entries: 2048 (order: 2, 16384 bytes)
[    0.663811] Mountpoint-cache hash table entries: 2048 (order: 2, 16384 bytes)
[    0.672136] Checking for the daddi bug... no.
[    0.679159] SMP: Booting CPU01 (CoreId  1)...
[    0.683529] CPU1 revision is: 000d9602 (Cavium Octeon III)
[    0.683534] FPU revision is: 00739600
[    0.684243] SMP: Booting CPU02 (CoreId  2)...
[    0.697681] CPU2 revision is: 000d9602 (Cavium Octeon III)
[    0.697685] FPU revision is: 00739600
[    0.698341] SMP: Booting CPU03 (CoreId  3)...
[    0.711775] CPU3 revision is: 000d9602 (Cavium Octeon III)
[    0.711780] FPU revision is: 00739600
[    0.711959] Brought up 4 CPUs
[    0.731552] do_initcalls 893: level = 0
[    0.735361] do_initcall_level 883: level = 0, fn = ffffffff808ecc20
[    0.741488] do_initcall_level 883: level = 0, fn = ffffffff808ecc28
[    0.747731] do_initcall_level 883: level = 0, fn = ffffffff808ecc30
[    0.754023] do_initcalls 893: level = 1
[    0.757899] do_initcall_level 883: level = 1, fn = ffffffff808ecc38
[    0.764086] do_initcall_level 883: level = 1, fn = ffffffff808ecc40
[    0.770307] do_initcall_level 883: level = 1, fn = ffffffff808ecc48
[    0.776701] do_initcall_level 883: level = 1, fn = ffffffff808ecc50
[    0.782877] do_initcall_level 883: level = 1, fn = ffffffff808ecc58
[    0.789077] clocksource: jiffies: mask: 0xffffffff max_cycles: 0xffffffff, max_idle_ns: 7645041785100000 ns
[    0.798780] do_initcall_level 883: level = 1, fn = ffffffff808ecc60
[    0.805078] do_initcall_level 883: level = 1, fn = ffffffff808ecc68
[    0.811282] do_initcall_level 883: level = 1, fn = ffffffff808ecc70
[    0.817542] do_initcall_level 883: level = 1, fn = ffffffff808ecc78
[    0.823799] do_initcall_level 883: level = 1, fn = ffffffff808ecc80
[    0.830032] do_initcall_level 883: level = 1, fn = ffffffff808ecc88
[    0.836278] do_initcall_level 883: level = 1, fn = ffffffff808ecc90
[    0.842542] do_initcall_level 883: level = 1, fn = ffffffff808ecc98
[    0.848786] do_initcall_level 883: level = 1, fn = ffffffff808ecca0
[    0.855030] do_initcall_level 883: level = 1, fn = ffffffff808ecca8
[    0.861665] do_initcall_level 883: level = 1, fn = ffffffff808eccb0
[    0.868361] NET: Registered protocol family 16
[    0.872806] do_initcalls 893: level = 2
[    0.876590] do_initcall_level 883: level = 2, fn = ffffffff808eccb8
[    0.882983] do_initcall_level 883: level = 2, fn = ffffffff808eccc0
[    0.889177] do_initcall_level 883: level = 2, fn = ffffffff808eccc8
[    0.895369] do_initcall_level 883: level = 2, fn = ffffffff808eccd0
[    0.901616] do_initcall_level 883: level = 2, fn = ffffffff808eccd8
[    0.907947] do_initcall_level 883: level = 2, fn = ffffffff808ecce0
[    0.914136] do_initcall_level 883: level = 2, fn = ffffffff808ecce8
[    0.920432] do_initcall_level 883: level = 2, fn = ffffffff808eccf0
[    0.926626] do_initcall_level 883: level = 2, fn = ffffffff808eccf8
[    0.932966] do_initcall_level 883: level = 2, fn = ffffffff808ecd00
[    0.939370] i2c-core: driver [dummy] registered
[    0.939416] do_initcalls 893: level = 3
[    0.943222] do_initcall_level 883: level = 3, fn = ffffffff808ecd08
[    0.949350] do_initcall_level 883: level = 3, fn = ffffffff808ecd10
[    0.955593] Installing handlers for error tree at: ffffffff80825488
[    0.965496] do_initcall_level 883: level = 3, fn = ffffffff808ecd18
[    0.971683] do_initcall_level 883: level = 3, fn = ffffffff808ecd20
[    0.977889] do_initcall_level 883: level = 3, fn = ffffffff808ecd28
[    0.984110] do_initcall_level 883: level = 3, fn = ffffffff808ecd30
[    0.990357] do_initcall_level 883: level = 3, fn = ffffffff808ecd38
[    0.996638] do_initcall_level 883: level = 3, fn = ffffffff808ecd40
[    1.014913] do_initcall_level 883: level = 3, fn = ffffffff808ecd48
[    1.021036] do_initcall_level 883: level = 3, fn = ffffffff808ecd50
[    1.027283] do_initcall_level 883: level = 3, fn = ffffffff808ecd58
[    1.033686] PCIe: Initializing port 0
[    1.040548] PCIe: Port 0 link active, 1 lanes, speed gen1
[    1.150198] PCIe: Initializing port 1
[    1.157056] PCIe: Port 1 link active, 1 lanes, speed gen2
[    1.266541] do_initcalls 893: level = 4
[    1.270324] do_initcall_level 883: level = 4, fn = ffffffff808ecd60
[    1.276930] do_initcall_level 883: level = 4, fn = ffffffff808ecd68
[    1.283061] do_initcall_level 883: level = 4, fn = ffffffff808ecd70
[    1.289335] do_initcall_level 883: level = 4, fn = ffffffff808ecd78
[    1.303770] do_initcall_level 883: level = 4, fn = ffffffff808ecd80
[    1.321943] do_initcall_level 883: level = 4, fn = ffffffff808ecd88
[    1.328179] do_initcall_level 883: level = 4, fn = ffffffff808ecd90
[    1.334678] do_initcall_level 883: level = 4, fn = ffffffff808ecd98
[    1.340818] do_initcall_level 883: level = 4, fn = ffffffff808ecda0
[    1.347045] do_initcall_level 883: level = 4, fn = ffffffff808ecda8
[    1.353287] do_initcall_level 883: level = 4, fn = ffffffff808ecdb0
[    1.359535] do_initcall_level 883: level = 4, fn = ffffffff808ecdb8
[    1.365960] do_initcall_level 883: level = 4, fn = ffffffff808ecdc0
[    1.372292] do_initcall_level 883: level = 4, fn = ffffffff808ecdc8
[    1.378419] do_initcall_level 883: level = 4, fn = ffffffff808ecdd0
[    1.384669] do_initcall_level 883: level = 4, fn = ffffffff808ecdd8
[    1.390901] do_initcall_level 883: level = 4, fn = ffffffff808ecde0
[    1.397147] do_initcall_level 883: level = 4, fn = ffffffff808ecde8
[    1.403396] do_initcall_level 883: level = 4, fn = ffffffff808ecdf0
[    1.409883] do_initcall_level 883: level = 4, fn = ffffffff808ecdf8
[    1.416037] do_initcall_level 883: level = 4, fn = ffffffff808ece00
[    1.422264] do_initcall_level 883: level = 4, fn = ffffffff808ece08
[    1.428603] do_initcall_level 883: level = 4, fn = ffffffff808ece10
[    1.435127] SCSI subsystem initialized
[    1.438708] do_initcall_level 883: level = 4, fn = ffffffff808ece18
[    1.445213] do_initcall_level 883: level = 4, fn = ffffffff808ece20
[    1.451581] usbcore: registered new interface driver usbfs
[    1.457027] usbcore: registered new interface driver hub
[    1.462332] usbcore: registered new device driver usb
[    1.467243] do_initcall_level 883: level = 4, fn = ffffffff808ece28
[    1.473539] pps_core: LinuxPPS API ver. 1 registered
[    1.478434] pps_core: Software ver. 5.3.6 - Copyright 2005-2007 Rodolfo Giometti <giometti@linux.it>
[    1.487545] do_initcall_level 883: level = 4, fn = ffffffff808ece30
[    1.493843] PTP clock support registered
[    1.497693] do_initcall_level 883: level = 4, fn = ffffffff808ece38
[    1.503960] EDAC MC: Ver: 3.0.0
[    1.507313] EDAC DEBUG: edac_mc_sysfs_init: device mc created
[    1.507523] do_initcall_level 883: level = 4, fn = ffffffff808ece40
[    1.513712] do_initcall_level 883: level = 4, fn = ffffffff808ece48
[    1.519934] do_initcall_level 883: level = 4, fn = ffffffff808ece50
[    1.526477] PCI host bridge to bus 0000:00
[    1.530434] pci_bus 0000:00: root bus resource [mem 0x1000000000000]
[    1.536750] pci_bus 0000:00: root bus resource [io  0x0000]
[    1.542305] pci_bus 0000:00: root bus resource [??? 0x00000000 flags 0x0]
[    1.549078] pci_bus 0000:00: No busn resource found for root bus, will use [bus 00-ff]
[    1.556975] pci_bus 0000:00: scanning bus
[    1.557133] pci_bus 0000:00: fixups for bus
[    1.557145] pci_bus 0000:00: bus scan returning with max=00
[    1.557159] pci_bus 0000:00: busn_res: [bus 00-ff] end is updated to 00
[    1.557332] PCI host bridge to bus 0000:01
[    1.561283] pci_bus 0000:01: root bus resource [mem 0x11b00f0000000-0x11b0fffffffff] (bus address [0xf0000000-0xfffffffff])
[    1.572378] pci_bus 0000:01: root bus resource [io  0x1000-0xffffffff]
[    1.578888] pci_bus 0000:01: root bus resource [??? 0x00000000 flags 0x0]
[    1.585660] pci_bus 0000:01: No busn resource found for root bus, will use [bus 01-ff]
[    1.593557] pci_bus 0000:01: scanning bus
[    1.593670] pci 0000:01:00.0: [168c:0046] type 00 class 0x028000
[    1.593773] pci 0000:01:00.0: reg 0x10: [mem 0xe0000000-0xe01fffff 64bit]
[    1.594044] pci 0000:01:00.0: PME# supported from D0 D3hot D3cold
[    1.594101] pci 0000:01:00.0: PME# disabled
[    1.594553] pci_bus 0000:01: fixups for bus
[    1.594565] pci_bus 0000:01: bus scan returning with max=01
[    1.594580] pci_bus 0000:01: busn_res: [bus 01-ff] end is updated to 01
[    1.594604] pci 0000:01:00.0: BAR 0: assigned [mem 0x11b0100000000-0x11b01001fffff 64bit]
[    1.602828] PCI host bridge to bus 0000:02
[    1.606780] pci_bus 0000:02: root bus resource [mem 0x11c00f0000000-0x11c0fffffffff] (bus address [0xf0000000-0xfffffffff])
[    1.617876] pci_bus 0000:02: root bus resource [io  0x100000000-0x1ffffffff] (bus address [0x0000-0xffffffff])
[    1.627855] pci_bus 0000:02: root bus resource [??? 0x00000000 flags 0x0]
[    1.634628] pci_bus 0000:02: No busn resource found for root bus, will use [bus 02-ff]
[    1.642525] pci_bus 0000:02: scanning bus
[    1.642581] pci 0000:02:00.0: [168c:0046] type 00 class 0x028000
[    1.642667] pci 0000:02:00.0: reg 0x10: [mem 0x11c00f0000000-0x11c00f01fffff 64bit]
[    1.642861] pci 0000:02:00.0: PME# supported from D0 D3hot D3cold
[    1.642877] pci 0000:02:00.0: PME# disabled
[    1.643264] pci_bus 0000:02: fixups for bus
[    1.643275] pci_bus 0000:02: bus scan returning with max=02
[    1.643290] pci_bus 0000:02: busn_res: [bus 02-ff] end is updated to 02
[    1.643311] pci 0000:02:00.0: BAR 0: assigned [mem 0x11c0100000000-0x11c01001fffff 64bit]
[    1.651377] pci 0000:01:00.0: fixup irq: got 109
[    1.651388] pci 0000:01:00.0: assigning IRQ 109
[    1.651412] pci 0000:02:00.0: fixup irq: got 109
[    1.651422] pci 0000:02:00.0: assigning IRQ 109
[    1.651435] do_initcall_level 883: level = 4, fn = ffffffff808ece58
[    1.657580] do_initcall_level 883: level = 4, fn = ffffffff808ece60
[    1.664815] do_initcall_level 883: level = 4, fn = ffffffff808ece68
[    1.670943] do_initcall_level 883: level = 4, fn = ffffffff808ece70
[    1.677177] do_initcall_level 883: level = 4, fn = ffffffff808ece78
[    1.683485] do_initcall_level 883: level = 4, fn = ffffffff808ece80
[    1.689816] do_initcall_level 883: level = 4, fn = ffffffff808ece88
[    1.695966] do_initcall_level 883: level = 4, fn = ffffffff808ece90
[    1.702225] do_initcall_level 883: level = 4, fn = ffffffff808ece98
[    1.708514] do_initcalls 893: level = 5
[    1.712351] do_initcall_level 883: level = 5, fn = ffffffff808ecea0
[    1.718510] do_initcall_level 883: level = 5, fn = ffffffff808ecea8
[    1.724874] clocksource: Switched to clocksource OCTEON_CVMCOUNT
[    1.730739] do_initcall_level 883: level = 5, fn = ffffffff808eceb0
[    1.740373] do_initcall_level 883: level = 5, fn = ffffffff808eceb8
[    1.746544] do_initcall_level 883: level = 5, fn = ffffffff808ecec0
[    1.781741] do_initcall_level 883: level = 5, fn = ffffffff808ecec8
[    1.787905] do_initcall_level 883: level = 5, fn = ffffffff808eced0
[    1.794322] do_initcall_level 883: level = 5, fn = ffffffff808eced8
[    1.800463] do_initcall_level 883: level = 5, fn = ffffffff808ecee0
[    1.806741] do_initcall_level 883: level = 5, fn = ffffffff808ecee8
[    1.813081] do_initcall_level 883: level = 5, fn = ffffffff808ecef0
[    1.819209] do_initcall_level 883: level = 5, fn = ffffffff808ecef8
[    1.825441] do_initcall_level 883: level = 5, fn = ffffffff808ecf00
[    1.831694] do_initcall_level 883: level = 5, fn = ffffffff808ecf08
[    1.837947] do_initcall_level 883: level = 5, fn = ffffffff808ecf10
[    1.844193] do_initcall_level 883: level = 5, fn = ffffffff808ecf18
[    1.850453] do_initcall_level 883: level = 5, fn = ffffffff808ecf20
[    1.856699] do_initcall_level 883: level = 5, fn = ffffffff808ecf28
[    1.862946] do_initcall_level 883: level = 5, fn = ffffffff808ecf30
[    1.869195] do_initcall_level 883: level = 5, fn = ffffffff808ecf38
[    1.875441] do_initcall_level 883: level = 5, fn = ffffffff808ecf40
[    1.881694] do_initcall_level 883: level = 5, fn = ffffffff808ecf48
[    1.887941] do_initcall_level 883: level = 5, fn = ffffffff808ecf50
[    1.894193] do_initcall_level 883: level = 5, fn = ffffffff808ecf58
[    1.900433] do_initcall_level 883: level = 5, fn = ffffffff808ecf60
[    1.907747] do_initcall_level 883: level = 5, fn = ffffffff808ecf68
[    1.913936] do_initcall_level 883: level = 5, fn = ffffffff808ecf70
[    1.920165] do_initcall_level 883: level = 5, fn = ffffffff808ecf78
[    1.926416] do_initcall_level 883: level = 5, fn = ffffffff808ecf80
[    1.932680] NET: Registered protocol family 2
[    1.937815] TCP established hash table entries: 8192 (order: 4, 65536 bytes)
[    1.944835] TCP bind hash table entries: 8192 (order: 7, 524288 bytes)
[    1.952364] TCP: Hash tables configured (established 8192 bind 8192)
[    1.958735] UDP hash table entries: 512 (order: 4, 81920 bytes)
[    1.964690] UDP-Lite hash table entries: 512 (order: 4, 81920 bytes)
[    1.971422] do_initcall_level 883: level = 5, fn = ffffffff808ecf88
[    1.977568] do_initcall_level 883: level = 5, fn = ffffffff808ecf90
[    1.983799] NET: Registered protocol family 1
[    1.988146] do_initcall_level 883: level = 5, fn = ffffffff808ecf98
[    1.994383] do_initcall_level 883: level = 5, fn = ffffffff808ecfa0
[    2.000653] PCI: CLS 32 bytes, default 128
[    2.000661] do_initcall_level 883: level = 5, fn = ffffffff808ecfa8
[    2.452251] do_initcalls 893: level = 6
[    2.456104] do_initcall_level 883: level = 6, fn = ffffffff808ecfb0
[    2.462654] do_initcall_level 883: level = 6, fn = ffffffff808ecfb8
[    2.475523] do_initcall_level 883: level = 6, fn = ffffffff808ecfc0
[    2.481780] do_initcall_level 883: level = 6, fn = ffffffff808ecfc8
[    2.487919] do_initcall_level 883: level = 6, fn = ffffffff808ecfd0
[    2.494164] octeon_pci_console: Initialized.
[    2.498596] do_initcall_level 883: level = 6, fn = ffffffff808ecfd8
[    2.504727] /proc/octeon_perf: Octeon performance counter interface loaded
[    2.511618] do_initcall_level 883: level = 6, fn = ffffffff808ecfe0
[    2.517925] do_initcall_level 883: level = 6, fn = ffffffff808ecfe8
[    2.525011] do_initcall_level 883: level = 6, fn = ffffffff808ecff0
[    2.531202] do_initcall_level 883: level = 6, fn = ffffffff808ecff8
[    2.537380] do_initcall_level 883: level = 6, fn = ffffffff808ed000
[    2.543618] do_initcall_level 883: level = 6, fn = ffffffff808ed008
[    2.549887] do_initcall_level 883: level = 6, fn = ffffffff808ed010
[    2.556142] do_initcall_level 883: level = 6, fn = ffffffff808ed018
[    2.562383] do_initcall_level 883: level = 6, fn = ffffffff808ed020
[    2.568616] do_initcall_level 883: level = 6, fn = ffffffff808ed028
[    2.574924] do_initcall_level 883: level = 6, fn = ffffffff808ed030
[    2.581384] do_initcall_level 883: level = 6, fn = ffffffff808ed038
[    2.587501] do_initcall_level 883: level = 6, fn = ffffffff808ed040
[    2.594116] do_initcall_level 883: level = 6, fn = ffffffff808ed048
[    2.600746] do_initcall_level 883: level = 6, fn = ffffffff808ed050
[    2.606882] futex hash table entries: 1024 (order: 5, 131072 bytes)
[    2.613249] do_initcall_level 883: level = 6, fn = ffffffff808ed058
[    2.619368] do_initcall_level 883: level = 6, fn = ffffffff808ed060
[    2.625615] do_initcall_level 883: level = 6, fn = ffffffff808ed068
[    2.631874] do_initcall_level 883: level = 6, fn = ffffffff808ed070
[    2.638107] do_initcall_level 883: level = 6, fn = ffffffff808ed078
[    2.644418] do_initcall_level 883: level = 6, fn = ffffffff808ed080
[    2.650788] do_initcall_level 883: level = 6, fn = ffffffff808ed088
[    2.657137] do_initcall_level 883: level = 6, fn = ffffffff808ed090
[    2.663262] do_initcall_level 883: level = 6, fn = ffffffff808ed098
[    2.669508] do_initcall_level 883: level = 6, fn = ffffffff808ed0a0
[    2.675746] do_initcall_level 883: level = 6, fn = ffffffff808ed0a8
[    2.682007] do_initcall_level 883: level = 6, fn = ffffffff808ed0b0
[    2.698872] do_initcall_level 883: level = 6, fn = ffffffff808ed0b8
[    2.705013] do_initcall_level 883: level = 6, fn = ffffffff808ed0c0
[    2.711244] do_initcall_level 883: level = 6, fn = ffffffff808ed0c8
[    2.717489] do_initcall_level 883: level = 6, fn = ffffffff808ed0d0
[    2.723856] do_initcall_level 883: level = 6, fn = ffffffff808ed0d8
[    2.730056] do_initcall_level 883: level = 6, fn = ffffffff808ed0e0
[    2.736232] do_initcall_level 883: level = 6, fn = ffffffff808ed0e8
[    2.742763] do_initcall_level 883: level = 6, fn = ffffffff808ed0f0
[    2.748874] do_initcall_level 883: level = 6, fn = ffffffff808ed0f8
[    2.755327] do_initcall_level 883: level = 6, fn = ffffffff808ed100
[    2.763112] do_initcall_level 883: level = 6, fn = ffffffff808ed108
[    2.770369] do_initcall_level 883: level = 6, fn = ffffffff808ed110
[    2.776535] do_initcall_level 883: level = 6, fn = ffffffff808ed118
[    2.782971] squashfs: version 4.0 (2009/01/31) Phillip Lougher
[    2.788646] do_initcall_level 883: level = 6, fn = ffffffff808ed120
[    2.795321] do_initcall_level 883: level = 6, fn = ffffffff808ed128
[    2.801450] do_initcall_level 883: level = 6, fn = ffffffff808ed130
[    2.807757] do_initcall_level 883: level = 6, fn = ffffffff808ed138
[    2.813948] do_initcall_level 883: level = 6, fn = ffffffff808ed140
[    2.820175] jffs2: version 2.2 (NAND) (SUMMARY) (LZMA) (RTIME) (CMODE_PRIORITY) (c) 2001-2006 Red Hat, Inc.
[    2.830761] do_initcall_level 883: level = 6, fn = ffffffff808ed148
[    2.836891] do_initcall_level 883: level = 6, fn = ffffffff808ed150
[    2.843119] do_initcall_level 883: level = 6, fn = ffffffff808ed158
[    2.849399] do_initcall_level 883: level = 6, fn = ffffffff808ed160
[    2.856094] do_initcall_level 883: level = 6, fn = ffffffff808ed168
[    2.862233] do_initcall_level 883: level = 6, fn = ffffffff808ed170
[    2.868536] do_initcall_level 883: level = 6, fn = ffffffff808ed178
[    2.874707] do_initcall_level 883: level = 6, fn = ffffffff808ed180
[    2.881316] do_initcall_level 883: level = 6, fn = ffffffff808ed188
[    2.887941] do_initcall_level 883: level = 6, fn = ffffffff808ed190
[    2.894321] do_initcall_level 883: level = 6, fn = ffffffff808ed198
[    2.900466] do_initcall_level 883: level = 6, fn = ffffffff808ed1a0
[    2.906743] io scheduler noop registered
[    2.910583] do_initcall_level 883: level = 6, fn = ffffffff808ed1a8
[    2.916833] io scheduler deadline registered (default)
[    2.921952] do_initcall_level 883: level = 6, fn = ffffffff808ed1b0
[    2.928212] do_initcall_level 883: level = 6, fn = ffffffff808ed1b8
[    2.934456] do_initcall_level 883: level = 6, fn = ffffffff808ed1c0
[    2.941163] octeon_gpio 1070000000800.gpio-controller: OCTEON GPIO driver probed.
[    2.948672] do_initcall_level 883: level = 6, fn = ffffffff808ed1c8
[    2.954854] do_initcall_level 883: level = 6, fn = ffffffff808ed1d0
[    2.961161] do_initcall_level 883: level = 6, fn = ffffffff808ed1d8
[    2.967297] do_initcall_level 883: level = 6, fn = ffffffff808ed1e0
[    2.973531] Serial: 8250/16550 driver, 2 ports, IRQ sharing disabled
[    2.980714] do_initcall_level 883: level = 6, fn = ffffffff808ed1e8
[    2.988301] console [ttyS0] disabled
[    2.991808] 1180000000800.serial: ttyS0 at MMIO 0x1180000000800 (irq = 34, base_baud = 25000000) is a OCTEON
[    3.001609] console [ttyS0] enabled
[    3.008481] bootconsole [early0] disabled
[    3.017109] 1180000000c00.serial: ttyS1 at MMIO 0x1180000000c00 (irq = 35, base_baud = 25000000) is a OCTEON
[    3.027361] do_initcall_level 883: level = 6, fn = ffffffff808ed1f0
[    3.033663] do_initcall_level 883: level = 6, fn = ffffffff808ed1f8
[    3.040208] do_initcall_level 883: level = 6, fn = ffffffff808ed200
[    3.046787] octeon_rng octeon_rng: Octeon Random Number Generator
[    3.052963] do_initcall_level 883: level = 6, fn = ffffffff808ed208
[    3.059501] do_initcall_level 883: level = 6, fn = ffffffff808ed210
[    3.065794] do_initcall_level 883: level = 6, fn = ffffffff808ed218
[    3.072271] do_initcall_level 883: level = 6, fn = ffffffff808ed220
[    3.078933] do_initcall_level 883: level = 6, fn = ffffffff808ed228
[    3.085287] do_initcall_level 883: level = 6, fn = ffffffff808ed230
[    3.091573] do_initcall_level 883: level = 6, fn = ffffffff808ed238
[    3.097909] do_initcall_level 883: level = 6, fn = ffffffff808ed240
[    3.104241] do_initcall_level 883: level = 6, fn = ffffffff808ed248
[    3.110529] do_initcall_level 883: level = 6, fn = ffffffff808ed250
[    3.117017] do_initcall_level 883: level = 6, fn = ffffffff808ed258
[    3.124755] spi-octeon 1070000001000.spi: OCTEON SPI bus driver
[    3.130877] do_initcall_level 883: level = 6, fn = ffffffff808ed260
[    3.137208] do_initcall_level 883: level = 6, fn = ffffffff808ed268
[    3.143525] do_initcall_level 883: level = 6, fn = ffffffff808ed270
[    3.150117] do_initcall_level 883: level = 6, fn = ffffffff808ed278
[    3.156896] libphy: Fixed MDIO Bus: probed
[    3.161007] do_initcall_level 883: level = 6, fn = ffffffff808ed280
[    3.167507] libphy: mdio-octeon: probed
[    3.172004] mdio-octeon 1180000001800.mdio: Version 1.1
[    3.177436] libphy: mdio-octeon: probed
[    3.182419] mdio-octeon 1180000001900.mdio: Version 1.1
[    3.188020] do_initcall_level 883: level = 6, fn = ffffffff808ed288
[    3.194544] do_initcall_level 883: level = 6, fn = ffffffff808ed290
[    3.201054] do_initcall_level 883: level = 6, fn = ffffffff808ed298
[    3.207417] octeon-ethernet 2.0
[    3.210572] cvm_oct_get_port_status 775: num_interfaces = 5
[    3.216155] cvm_oct_get_port_status 781: num_ports = 1
[    3.221316] cvm_oct_get_port_status 781: num_ports = 0
[    3.226462] cvm_oct_get_port_status 781: num_ports = 4
[    3.231609] cvm_oct_get_port_status 781: num_ports = 4
[    3.236755] cvm_oct_get_port_status 781: num_ports = 1
[    3.245085] Interface 0 has 1 ports (SGMII)
[    3.249354] Interface 2 has 4 ports (NPI)
[    3.253384] Interface 3 has 4 ports (LOOP)
[    3.257502] Interface 4 has 1 ports (AGL)
[    3.275254] do_initcall_level 883: level = 6, fn = ffffffff808ed2a0
[    3.281570] ehci_hcd: USB 2.0 'Enhanced' Host Controller (EHCI) Driver
[    3.288106] do_initcall_level 883: level = 6, fn = ffffffff808ed2a8
[    3.294391] ehci-pci: EHCI PCI platform driver
[    3.299029] do_initcall_level 883: level = 6, fn = ffffffff808ed2b0
[    3.305327] ehci-platform: EHCI generic platform driver
[    3.310797] do_initcall_level 883: level = 6, fn = ffffffff808ed2b8
[    3.317088] ohci_hcd: USB 1.1 'Open' Host Controller (OHCI) Driver
[    3.323328] do_initcall_level 883: level = 6, fn = ffffffff808ed2c0
[    3.329616] ohci-platform: OHCI generic platform driver
[    3.335046] do_initcall_level 883: level = 6, fn = ffffffff808ed2c8
[    3.341468] usbcore: registered new interface driver usb-storage
[    3.347493] do_initcall_level 883: level = 6, fn = ffffffff808ed2d0
[    3.353779] i2c /dev entries driver
[    3.357323] do_initcall_level 883: level = 6, fn = ffffffff808ed2d8
[    3.364279] i2c-dev: adapter [OCTEON adapter] registered as minor 0
[    3.364401] i2c i2c-0: adapter [OCTEON adapter] registered
[    3.364437] i2c i2c-0: of_i2c: walking child nodes
[    3.364450] i2c i2c-0: of_i2c: register /soc@0/i2c@1180000001000/rtc@68
[    3.364562] i2c 0-0068: uevent
[    3.364593] i2c i2c-0: client [ds1374] registered with bus id 0-0068
[    3.364606] i2c i2c-0: of_i2c: register /soc@0/i2c@1180000001000/tmp@4c
[    3.364713] i2c 0-004c: uevent
[    3.364742] i2c i2c-0: client [tmp421] registered with bus id 0-004c
[    3.364755] i2c i2c-0: of_i2c: register /soc@0/i2c@1180000001000/tlv-eeprom@56
[    3.364894] i2c 0-0056: uevent
[    3.364929] i2c i2c-0: client [24c256] registered with bus id 0-0056
[    3.364947] i2c-octeon 1180000001000.i2c: version 2.5
[    3.370412] i2c-dev: adapter [OCTEON adapter] registered as minor 1
[    3.370463] i2c i2c-1: adapter [OCTEON adapter] registered
[    3.370494] i2c i2c-1: of_i2c: walking child nodes
[    3.370511] i2c-octeon 1180000001200.i2c: version 2.5
[    3.375733] do_initcall_level 883: level = 6, fn = ffffffff808ed2e0
[    3.382033] octeon_wdt: Initial granularity 5 Sec
[    3.387233] do_initcall_level 883: level = 6, fn = ffffffff808ed2e8
[    3.393615] EDAC DEBUG: edac_device_register_sysfs_main_kobj: 
[    3.393671] EDAC DEBUG: edac_device_add_device: 
[    3.393746] EDAC DEBUG: find_edac_device_by_dev: 
[    3.393755] EDAC DEBUG: edac_device_create_sysfs: idx=0
[    3.393774] EDAC DEBUG: edac_device_create_instances: 
[    3.394118] EDAC DEVICE0: Giving out device to module octeon-cpu controller cache: DEV octeon_pc_edac (INTERRUPT)
[    3.404517] do_initcall_level 883: level = 6, fn = ffffffff808ed2f0
[    3.410865] EDAC DEBUG: edac_device_register_sysfs_main_kobj: 
[    3.410919] EDAC DEBUG: edac_device_add_device: 
[    3.410927] EDAC DEBUG: find_edac_device_by_dev: 
[    3.410935] EDAC DEBUG: edac_device_create_sysfs: idx=1
[    3.410952] EDAC DEBUG: edac_device_create_instances: 
[    3.411041] EDAC DEBUG: edac_device_workq_setup: 
[    3.411057] EDAC DEVICE1: Giving out device to module octeon-l2c controller octeon_l2c_err: DEV octeon_l2c_edac (POLLED)
[    3.422049] do_initcall_level 883: level = 6, fn = ffffffff808ed2f8
[    3.428398] octeon_lmc_edac octeon_lmc_edac.0: Disabled (ECC not enabled)
[    3.435302] do_initcall_level 883: level = 6, fn = ffffffff808ed300
[    3.441711] do_initcall_level 883: level = 6, fn = ffffffff808ed308
[    3.448010] do_initcall_level 883: level = 6, fn = ffffffff808ed310
[    3.454299] do_initcall_level 883: level = 6, fn = ffffffff808ed318
[    3.460585] do_initcall_level 883: level = 6, fn = ffffffff808ed320
[    3.466870] do_initcall_level 883: level = 6, fn = ffffffff808ed328
[    3.473231] do_initcall_level 883: level = 6, fn = ffffffff808ed330
[    3.479521] do_initcall_level 883: level = 6, fn = ffffffff808ed338
[    3.485803] do_initcall_level 883: level = 6, fn = ffffffff808ed340
[    3.492084] do_initcall_level 883: level = 6, fn = ffffffff808ed348
[    3.498553] do_initcall_level 883: level = 6, fn = ffffffff808ed350
[    3.504841] do_initcall_level 883: level = 6, fn = ffffffff808ed358
[    3.512511] NET: Registered protocol family 10
[    3.520432] do_initcall_level 883: level = 6, fn = ffffffff808ed360
[    3.526757] NET: Registered protocol family 17
[    3.531240] do_initcall_level 883: level = 6, fn = ffffffff808ed368
[    3.537734] bridge: automatic filtering via arp/ip/ip6tables has been deprecated. Update your scripts to load br_netfilter if you need this.
[    3.550365] do_initcall_level 883: level = 6, fn = ffffffff808ed370
[    3.556650] 8021q: 802.1Q VLAN Support v1.8
[    3.561008] do_initcalls 893: level = 7
[    3.564978] do_initcall_level 883: level = 7, fn = ffffffff808ed378
[    3.571290] do_initcall_level 883: level = 7, fn = ffffffff808ed380
[    3.577578] L2 lock: TLB refill 256 bytes
[    3.581601] L2 lock: General exception 128 bytes
[    3.586226] L2 lock: low-level interrupt 128 bytes
[    3.591024] L2 lock: interrupt 640 bytes
[    3.594967] L2 lock: memcpy 1152 bytes
[    3.598742] do_initcall_level 883: level = 7, fn = ffffffff808ed388
[    3.605163] Bootbus flash: Setting flash for 64MB flash at 0x1bc00000
[    3.611616] do_map_probe 62 *** 
[    3.614852] do_map_probe 64 *** 
[    3.618086] do_map_probe 69 *** 
[    3.621321] do_map_probe 72 *** 
[    3.624551] mtd_do_chip_probe 25: ***
[    3.628219] genprobe_ident_chips 68: ***
[    3.632149] cfi_probe_chip 88 *** 
[    3.635557] cfi_probe_chip 90 *** 
[    3.638965] cfi_qry_mode_on 247 *** 
[    3.642547] cfi_send_gen_cmd 202 *** 
[    3.646216] cfi_send_gen_cmd 204 *** 
[    3.649884] cfi_send_gen_cmd 206 *** 
[    3.653553] cfi_send_gen_cmd 209 *** 
[    3.657294] cfi_send_gen_cmd 211 *** 
[    3.660965] cfi_qry_mode_on 249 *** 
[    3.664542] cfi_send_gen_cmd 202 *** 
[    3.668210] cfi_send_gen_cmd 204 *** 
[    3.671878] cfi_send_gen_cmd 206 *** 
[    3.675546] cfi_send_gen_cmd 209 *** 
[    3.679216] cfi_send_gen_cmd 211 *** 
[    3.682892] cfi_send_gen_cmd 202 *** 
[    3.686561] cfi_send_gen_cmd 204 *** 
[    3.690229] cfi_send_gen_cmd 206 *** 
[    3.693897] cfi_send_gen_cmd 209 *** 
[    3.697567] cfi_send_gen_cmd 211 *** 
[    3.701235] cfi_send_gen_cmd 202 *** 
[    3.704904] cfi_send_gen_cmd 204 *** 
[    3.708566] cfi_send_gen_cmd 206 *** 
[    3.712234] cfi_send_gen_cmd 209 *** 
[    3.715904] cfi_send_gen_cmd 211 *** 
[    3.719573] cfi_send_gen_cmd 202 *** 
[    3.723241] cfi_send_gen_cmd 204 *** 
[    3.726909] cfi_send_gen_cmd 206 *** 
[    3.730577] cfi_send_gen_cmd 209 *** 
[    3.734247] cfi_send_gen_cmd 211 *** 
[    3.737923] cfi_send_gen_cmd 202 *** 
[    3.741591] cfi_send_gen_cmd 204 *** 
[    3.745260] cfi_send_gen_cmd 206 *** 
[    3.748928] cfi_send_gen_cmd 209 *** 
[    3.752592] cfi_send_gen_cmd 211 *** 
[    3.756260] cfi_send_gen_cmd 202 *** 
[    3.759929] cfi_send_gen_cmd 204 *** 
[    3.763597] cfi_send_gen_cmd 206 *** 
[    3.767278] cfi_send_gen_cmd 209 *** 
[    3.770949] cfi_send_gen_cmd 211 *** 
[    3.774624] cfi_send_gen_cmd 202 *** 
[    3.778293] cfi_send_gen_cmd 204 *** 
[    3.781961] cfi_send_gen_cmd 206 *** 
[    3.785629] cfi_send_gen_cmd 209 *** 
[    3.789299] cfi_send_gen_cmd 211 *** 
[    3.792967] cfi_send_gen_cmd 202 *** 
[    3.796630] cfi_send_gen_cmd 204 *** 
[    3.800298] cfi_send_gen_cmd 206 *** 
[    3.803966] cfi_send_gen_cmd 209 *** 
[    3.807636] cfi_send_gen_cmd 211 *** 
[    3.811305] cfi_send_gen_cmd 202 *** 
[    3.814973] cfi_send_gen_cmd 204 *** 
[    3.818641] cfi_send_gen_cmd 206 *** 
[    3.822309] cfi_send_gen_cmd 209 *** 
[    3.825979] cfi_send_gen_cmd 211 *** 
[    3.829647] cfi_send_gen_cmd 202 *** 
[    3.833315] cfi_send_gen_cmd 204 *** 
[    3.836984] cfi_send_gen_cmd 206 *** 
[    3.840646] cfi_send_gen_cmd 209 *** 
[    3.844316] cfi_send_gen_cmd 211 *** 
[    3.847992] cfi_send_gen_cmd 202 *** 
[    3.851660] cfi_send_gen_cmd 204 *** 
[    3.855328] cfi_send_gen_cmd 206 *** 
[    3.858996] cfi_send_gen_cmd 209 *** 
[    3.862666] cfi_send_gen_cmd 211 *** 
[    3.866335] cfi_send_gen_cmd 202 *** 
[    3.870003] cfi_send_gen_cmd 204 *** 
[    3.873671] cfi_send_gen_cmd 206 *** 
[    3.877339] cfi_send_gen_cmd 209 *** 
[    3.881009] cfi_send_gen_cmd 211 *** 
[    3.884672] cfi_send_gen_cmd 202 *** 
[    3.888340] cfi_send_gen_cmd 204 *** 
[    3.892008] cfi_send_gen_cmd 206 *** 
[    3.895676] cfi_send_gen_cmd 209 *** 
[    3.899346] cfi_send_gen_cmd 211 *** 
[    3.903014] cfi_send_gen_cmd 202 *** 
[    3.906683] cfi_send_gen_cmd 204 *** 
[    3.910351] cfi_send_gen_cmd 206 *** 
[    3.914019] cfi_send_gen_cmd 209 *** 
[    3.917689] cfi_send_gen_cmd 211 *** 
[    3.921365] cfi_probe_chip 88 *** 
[    3.924767] cfi_probe_chip 90 *** 
[    3.928176] cfi_qry_mode_on 247 *** 
[    3.931757] cfi_send_gen_cmd 202 *** 
[    3.935425] cfi_send_gen_cmd 204 *** 
[    3.939094] cfi_send_gen_cmd 206 *** 
[    3.942762] cfi_send_gen_cmd 209 *** 
[    3.946432] cfi_send_gen_cmd 211 *** 
[    3.950100] cfi_qry_mode_on 249 *** 
[    3.953682] cfi_send_gen_cmd 202 *** 
[    3.957350] cfi_send_gen_cmd 204 *** 
[    3.961018] cfi_send_gen_cmd 206 *** 
[    3.964681] cfi_send_gen_cmd 209 *** 
[    3.968351] cfi_send_gen_cmd 211 *** 
[    3.972026] cfi_probe_chip 95 *** 
[    3.975518] cfi_send_gen_cmd 202 *** 
[    3.979187] cfi_send_gen_cmd 204 *** 
[    3.982855] cfi_send_gen_cmd 206 *** 
[    3.986524] cfi_send_gen_cmd 209 *** 
[    3.990194] cfi_send_gen_cmd 211 *** 
[    3.993862] cfi_send_gen_cmd 202 *** 
[    3.997530] cfi_send_gen_cmd 204 *** 
[    4.001198] cfi_send_gen_cmd 206 *** 
[    4.004868] cfi_send_gen_cmd 209 *** 
[    4.008532] cfi_send_gen_cmd 211 *** 
[    4.012200] cfi_send_gen_cmd 202 *** 
[    4.015869] cfi_send_gen_cmd 204 *** 
[    4.019537] cfi_send_gen_cmd 206 *** 
[    4.023213] cfi_send_gen_cmd 209 *** 
[    4.026883] cfi_send_gen_cmd 211 *** 
[    4.030551] cfi_send_gen_cmd 202 *** 
[    4.034219] cfi_send_gen_cmd 204 *** 
[    4.037888] cfi_send_gen_cmd 206 *** 
[    4.041556] cfi_send_gen_cmd 209 *** 
[    4.045225] cfi_send_gen_cmd 211 *** 
[    4.048899] cfi_send_gen_cmd 202 *** 
[    4.052562] cfi_send_gen_cmd 204 *** 
[    4.056230] cfi_send_gen_cmd 206 *** 
[    4.059898] cfi_send_gen_cmd 209 *** 
[    4.063568] cfi_send_gen_cmd 211 *** 
[    4.067236] cfi_send_gen_cmd 202 *** 
[    4.070904] cfi_send_gen_cmd 204 *** 
[    4.074572] cfi_send_gen_cmd 206 *** 
[    4.078241] cfi_send_gen_cmd 209 *** 
[    4.081910] cfi_send_gen_cmd 211 *** 
[    4.085583] phys_mapped_flash: Found 1 x16 devices at 0x0 in 8-bit bank. Manufacturer ID 0x000089 Chip ID 0x00007e
[    4.095939] genprobe_ident_chips 77: ***
[    4.099869] genprobe_ident_chips 128: ***
[    4.103885] genprobe_ident_chips 137: ***
[    4.107902] genprobe_ident_chips 145: ***
[    4.111921] mtd_do_chip_probe 28: ***
[    4.115589] mtd_do_chip_probe 34: ***
[    4.119261] Amd/Fujitsu Extended Query Table at 0x0040
[    4.124406] cfi_qry_mode_on 247 *** 
[    4.127988] cfi_send_gen_cmd 202 *** 
[    4.131656] cfi_send_gen_cmd 204 *** 
[    4.135324] cfi_send_gen_cmd 206 *** 
[    4.138992] cfi_send_gen_cmd 209 *** 
[    4.142663] cfi_send_gen_cmd 211 *** 
[    4.146331] cfi_qry_mode_on 249 *** 
[    4.149912] cfi_send_gen_cmd 202 *** 
[    4.153581] cfi_send_gen_cmd 204 *** 
[    4.157249] cfi_send_gen_cmd 206 *** 
[    4.160917] cfi_send_gen_cmd 209 *** 
[    4.164581] cfi_send_gen_cmd 211 *** 
[    4.168295] cfi_send_gen_cmd 202 *** 
[    4.171963] cfi_send_gen_cmd 204 *** 
[    4.175632] cfi_send_gen_cmd 206 *** 
[    4.179300] cfi_send_gen_cmd 209 *** 
[    4.182970] cfi_send_gen_cmd 211 *** 
[    4.186638] cfi_send_gen_cmd 202 *** 
[    4.190306] cfi_send_gen_cmd 204 *** 
[    4.193974] cfi_send_gen_cmd 206 *** 
[    4.197642] cfi_send_gen_cmd 209 *** 
[    4.201312] cfi_send_gen_cmd 211 *** 
[    4.204981]   Amd/Fujitsu Extended Query version 1.3.
[    4.210043] number of CFI chips: 1
[    4.213454] do_map_probe 74 *** 
[    4.216682] do_map_probe 81 *** 
[    4.219939] 8 cmdlinepart partitions found on MTD device phys_mapped_flash
[    4.226823] Creating 8 MTD partitions on "phys_mapped_flash":
[    4.232580] 0x000000000000-0x000000200000 : "u-boot"
[    4.239472] 0x000000200000-0x000000240000 : "bootenv"
[    4.246221] 0x000000240000-0x000000280000 : "sysinfo"
[    4.252643] 0x000000280000-0x0000002a0000 : "ART"
[    4.258782] 0x0000002a0000-0x0000003a0000 : "log"
[    4.265030] 0x0000003a0000-0x000000da0000 : "safemode"
[    4.271657] 0x000000da0000-0x0000025a0000 : "firmware"
[    4.278300] 0x0000025a0000-0x000004000000 : "config"
[    4.284768] do_initcall_level 883: level = 7, fn = ffffffff808ed390
[    4.291082] Unknown board type! Failed to parse gpio configuration!
[    4.297368] do_initcall_level 883: level = 7, fn = ffffffff808ed398
[    4.303673] do_initcall_level 883: level = 7, fn = ffffffff808ed3a0
[    4.310461] do_initcall_level 883: level = 7, fn = ffffffff808ed3a8
[    4.316760] do_initcall_level 883: level = 7, fn = ffffffff808ed3b0
[    4.323064] do_initcall_level 883: level = 7, fn = ffffffff808ed3b8
[    4.329350] do_initcall_level 883: level = 7, fn = ffffffff808ed3c0
[    4.335633] do_initcall_level 883: level = 7, fn = ffffffff808ed3c8
[    4.341917] do_initcall_level 883: level = 7, fn = ffffffff808ed3d0
[    4.348198] do_initcall_level 883: level = 7, fn = ffffffff808ed3d8
[    4.354482] do_initcall_level 883: level = 7, fn = ffffffff808ed3e0
[    4.360777] do_initcall_level 883: level = 7, fn = ffffffff808ed3e8
[    4.367066] do_initcall_level 883: level = 7, fn = ffffffff808ed3f0
[    4.373515] do_initcall_level 883: level = 7, fn = ffffffff808ed3f8
[    4.379824] do_initcall_level 883: level = 7, fn = ffffffff808ed400
[    4.386243] do_initcall_level 883: level = 7, fn = ffffffff808ed408
[    4.392909] do_initcall_level 883: level = 7, fn = ffffffff808ed410
[    4.399203] do_initcall_level 883: level = 7, fn = ffffffff808ed418
[    4.405634] fdt: not creating '/sys/firmware/fdt': CRC check failed
[    4.411910] do_initcall_level 883: level = 7, fn = ffffffff808ed420
[    4.418193] do_initcall_level 883: level = 7, fn = ffffffff808ed428
[    4.424476] do_initcall_level 883: level = 7, fn = ffffffff808ed430
[    4.436157] Freeing unused kernel memory: 6144K (ffffffff80890000 - ffffffff80e90000)
[    4.457174] init: Console is alive
[    4.461066] init: - watchdog -
[    4.477358] init: - preinit -
[    5.325051] random: nonblocking pool is initialized
[    7.585524] procd: - early -
[    7.588492] procd: - watchdog -
[    8.173389] procd: - ubus -
[    8.230546] procd: - init -
[    8.824492] ip6_tables: (C) 2000-2006 Netfilter Core Team
[    8.838280] Loading modules backported from Linux version wt-2016-05-12-0-g7a54796
[    8.845890] Backport generated by backports.git backports-20160216-0-ge3c56e4
[    8.918480] ath10k_pci 0000:01:00.0: pci probe 168c:0046 168c:cafe
[    8.918678] ath10k_pci 0000:01:00.0: boot pci_mem 0x80011b0100000000
[    8.919135] ath10k_pci 0000:01:00.0: pci irq legacy oper_irq_mode 1 irq_mode 0 reset_mode 0
[    8.927579] ath10k_pci 0000:01:00.0: boot qca99x0 chip reset
[    8.927595] ath10k_pci 0000:01:00.0: boot cold reset
[    8.948879] ath10k_pci 0000:01:00.0: boot cold reset complete
[    8.948895] ath10k_pci 0000:01:00.0: boot waiting target to initialise
[    8.948909] ath10k_pci 0000:01:00.0: boot target indicator 2
[    8.948923] ath10k_pci 0000:01:00.0: boot target initialised
[    8.948934] ath10k_pci 0000:01:00.0: boot qca99x0 chip reset complete (cold)
[    8.949161] ath10k_pci 0000:01:00.0: boot hif power up
[    8.949181] ath10k_pci 0000:01:00.0: boot qca99x0 chip reset
[    8.949191] ath10k_pci 0000:01:00.0: boot cold reset
[    8.972877] ath10k_pci 0000:01:00.0: boot cold reset complete
[    8.972890] ath10k_pci 0000:01:00.0: boot waiting target to initialise
[    8.972904] ath10k_pci 0000:01:00.0: boot target indicator 2
[    8.972918] ath10k_pci 0000:01:00.0: boot target initialised
[    8.972929] ath10k_pci 0000:01:00.0: boot qca99x0 chip reset complete (cold)
[    8.972960] ath10k_pci 0000:01:00.0: boot init ce src ring id 0 entries 16 base_addr 800000004cf3a000
[    8.972989] ath10k_pci 0000:01:00.0: boot ce dest ring id 1 entries 512 base_addr 800000004cf14000
[    8.973016] ath10k_pci 0000:01:00.0: boot ce dest ring id 2 entries 128 base_addr 800000004cf3b000
[    8.973045] ath10k_pci 0000:01:00.0: boot init ce src ring id 3 entries 32 base_addr 800000004cf74000
[    8.973089] ath10k_pci 0000:01:00.0: boot init ce src ring id 4 entries 8192 base_addr 800000004c420000
[    8.973117] ath10k_pci 0000:01:00.0: boot ce dest ring id 5 entries 512 base_addr 800000004cdf2000
[    8.973146] ath10k_pci 0000:01:00.0: boot init ce src ring id 7 entries 2 base_addr 800000004cf75000
[    8.973173] ath10k_pci 0000:01:00.0: boot ce dest ring id 7 entries 2 base_addr 800000004cf76000
[    8.973200] ath10k_pci 0000:01:00.0: boot ce dest ring id 8 entries 128 base_addr 800000004cf77000
[    8.984459] ath10k_pci 0000:01:00.0: bmi get target info
[    8.984545] ath10k_pci 0000:01:00.0: Hardware name qca9984/qca9994 hw1.0 version 0x1000000
[    8.984809] ath10k_pci 0000:01:00.0: Direct firmware load for ath10k/pre-cal-pci-0000:01:00.0.bin failed with error -2
[    8.995540] ath10k_pci 0000:01:00.0: Falling back to user helper
[    9.012454] firmware ath10k!pre-cal-pci-0000:01:00.0.bin: firmware_loading_store: map pages failed
[    9.021797] ath10k_pci 0000:01:00.0: Direct firmware load for ath10k/cal-pci-0000:01:00.0.bin failed with error -2
[    9.032180] ath10k_pci 0000:01:00.0: Falling back to user helper
[    9.048663] firmware ath10k!cal-pci-0000:01:00.0.bin: firmware_loading_store: map pages failed
[    9.057555] ath10k_pci 0000:01:00.0: trying fw api 5
[    9.058747] ath10k_pci 0000:01:00.0: found fw version 10.4-3.2-00072
[    9.058768] ath10k_pci 0000:01:00.0: found fw timestamp 1461935768
[    9.058779] ath10k_pci 0000:01:00.0: found otp image ie (8919 B)
[    9.058787] ** found otp image ie (8919 B)
[    9.062925] ath10k_pci 0000:01:00.0: found fw image ie (362472 B)
[    9.062936] ath10k_pci 0000:01:00.0: found firmware features ie (2 B)
[    9.062947] ath10k_pci 0000:01:00.0: Enabling feature bit: 3
[    9.062958] ath10k_pci 0000:01:00.0: Enabling feature bit: 12
[    9.062969] ath10k_pci 0000:01:00.0: Enabling feature bit: 13
[    9.062979] ath10k_pci 0000:01:00.0: features
[    9.062994] ath10k_pci 0000:01:00.0: 0000000
[    9.063007] ath10k_pci 0000:01:00.0: found fw ie wmi op version 6
[    9.063017] ath10k_pci 0000:01:00.0: found fw ie htt op version 4
[    9.063028] ath10k_pci 0000:01:00.0: found fw code swap image ie (219808 B)
[    9.063040] ath10k_pci 0000:01:00.0: using fw api 5
[    9.063058] ath10k_pci 0000:01:00.0: qca9984/qca9994 hw1.0 target 0x01000000 chip_id 0x00000000 sub 168c:cafe
[    9.072993] ath10k_pci 0000:01:00.0: kconfig debug 1 debugfs 1 tracing 1 dfs 1 testmode 1
[    9.089181] ath10k_pci 0000:01:00.0: firmware ver 10.4-3.2-00072 api 5 features no-p2p,mfp,peer-flow-ctrl crc32 61dee96a
[    9.100068] ath10k_pci 0000:01:00.0: boot did not find a pre calibration file, try DT next: -11
[    9.100080] ath10k_pci 0000:01:00.0: unable to load pre cal data from DT: -2
[    9.100091] ath10k_pci 0000:01:00.0: could not load pre cal data: -2
[    9.100103] ath10k_pci 0000:01:00.0: boot upload otp to 0x1234 len 8919 for board id
[    9.100117] ath10k_pci 0000:01:00.0: bmi fast download address 0x1234 buffer 0xc0000000003a6038 length 8919
[    9.100129] ath10k_pci 0000:01:00.0: bmi lz stream start address 0x1234
[    9.100212] ath10k_pci 0000:01:00.0: bmi lz data buffer 0xc0000000003a6038 length 8916
[    9.128371] ath10k_pci 0000:01:00.0: bmi lz data buffer 0x800000004ecfbba8 length 4
[    9.129164] ath10k_pci 0000:01:00.0: bmi lz stream start address 0x0
[    9.129209] ath10k_pci 0000:01:00.0: bmi execute address 0x1234 param 0x10
[   10.521800] ath10k_pci 0000:01:00.0: bmi execute result 0x1000
[   10.521818] ath10k_pci 0000:01:00.0: boot get otp board id result 0x00001000 board_id 4 chip_id 0
[   10.521836] ath10k_pci 0000:01:00.0: boot using board name 'bus=pci,bmi-chip-id=0,bmi-board-id=4'
[   10.521845] ath10k_core_fetch_board_file 1004: trying to get board data using bd_api 2
[   10.529984] ath10k_core_parse_bd_ie_board 808: *** board_ie_id = ATH10K_BD_IE_BOARD_NAME**********
[   10.538987] ath10k_pci 0000:01:00.0: board name
[   10.539001] ath10k_pci 0000:01:00.0: 0000000
[   10.539012] ath10k_pci 0000:01:00.0: 0000001
[   10.539023] ath10k_pci 0000:01:00.0: 0000002
[   10.539033] ath10k_core_parse_bd_ie_board 812: board_ie_len = 36
[   10.545053] ath10k_core_parse_bd_ie_board 813: strlen(boardname) = 36
[   10.551500] ath10k_core_parse_bd_ie_board 814: boardname = bus=pci,bmi-chip-id=0,bmi-board-id=4
[   10.560217] ath10k_pci 0000:01:00.0: boot found match for name 'bus=pci,bmi-chip-id=0,bmi-board-id=4'
[   10.560226] ath10k_core_parse_bd_ie_board 828: *** board_ie_id = ATH10K_BD_IE_BOARD_DATA**********
[   10.569200] ath10k_pci 0000:01:00.0: boot found board data for 'bus=pci,bmi-chip-id=0,bmi-board-id=4'
[   10.569212] ath10k_pci 0000:01:00.0: using board api 2
[   10.569384] ath10k_pci 0000:01:00.0: board_file api 2 bmi_id 0:4 crc32 81e79793
[   10.577323] ath10k_pci 0000:01:00.0: bmi start
[   10.577338] ath10k_pci 0000:01:00.0: bmi write address 0x400800 length 4
[   10.577423] ath10k_init_configure_target 313: settings HTC version ########
[   10.584416] ath10k_pci 0000:01:00.0: bmi read address 0x400810 length 4
[   10.584506] ath10k_pci 0000:01:00.0: bmi write address 0x400810 length 4
[   10.584532] ath10k_pci 0000:01:00.0: bmi write address 0x400844 length 4
[   10.584584] ath10k_pci 0000:01:00.0: bmi write address 0x400904 length 4
[   10.584630] ath10k_pci 0000:01:00.0: bmi write address 0x4008bc length 4
[   10.584675] ath10k_pci 0000:01:00.0: boot did not find a pre calibration file, try DT next: -11
[   10.584687] ath10k_pci 0000:01:00.0: unable to load pre cal data from DT: -2
[   10.584699] ath10k_pci 0000:01:00.0: failed to load pre cal data: -2
[   10.584710] ath10k_pci 0000:01:00.0: pre cal download procedure failed, try cal file: -2
[   10.584722] ath10k_pci 0000:01:00.0: boot did not find a calibration file, try DT next: -11
[   10.584734] ath10k_pci 0000:01:00.0: boot did not find DT entry, try OTP next: -2
[   10.584746] ath10k_pci 0000:01:00.0: bmi read address 0x4008ac length 4
[   10.584823] ath10k_pci 0000:01:00.0: boot push board extended data addr 0x0
[   10.584834] ath10k_pci 0000:01:00.0: bmi read address 0x400854 length 4
[   10.584924] ath10k_pci 0000:01:00.0: bmi write address 0xc0000 length 12064
[   10.605050] ath10k_pci 0000:01:00.0: bmi write address 0x400858 length 4
[   10.605241] ath10k_pci 0000:01:00.0: boot upload otp to 0x1234 len 8919
